<html>
<body>
<pre>
<h1>µVision Build Log</h1>
<h2>Tool Versions:</h2>
IDE-Version: µVision V5.12.0.0
Copyright (C) 2014 ARM Ltd and ARM Germany GmbH. All rights reserved.
License Information: Thinh Nguyen Trong, UTE, LIC=9WSLQ-NY9DX-ARKXW-Q0NJL-VIYFI-QS553
 
Tool Versions:
Toolchain:       MDK-ARM Standard  Version: 5.12.0.0
Toolchain Path:  C:\Keil_v5\ARM\ARMCC\Bin
C Compiler:      Armcc.exe V5.05 (build 41)
Assembler:       Armasm.exe V5.05 (build 41)
Linker/Locator:  ArmLink.exe V5.05 (build 41)
Library Manager: ArmAr.exe V5.05 (build 41)
Hex Converter:   FromElf.exe V5.05 (build 41)
CPU DLL:         SARMCM3.DLL V5.12.0.0
Dialog DLL:      DCM.DLL V1.13.0.0
    Target DLL: STLink\ST-LINKIII-KEIL_SWO.dll
Dialog DLL:      TCM.DLL V1.14.2.0
 
<h2>Project:</h2>
D:\ARM\Training\Projects\STM32F4_Training\STM32F4Training.uvprojx
Project File Date:  07/05/2015

<h2>Output:</h2>
Rebuild target 'Training'
compiling main.c...
compiling timers.c...
compiling tasks.c...
compiling queue.c...
compiling list.c...
compiling heap_2.c...
compiling port.c...
compiling croutine.c...
compiling event_groups.c...
compiling DISCO_ADC.c...
compiling Disco_Button.c...
compiling Disco_Clock.c...
compiling Disco_LED.c...
compiling DISCO_USART.c...
compiling misc.c...
compiling stm32f4xx_adc.c...
compiling stm32f4xx_dma.c...
compiling stm32f4xx_exti.c...
compiling stm32f4xx_gpio.c...
compiling stm32f4xx_rcc.c...
compiling stm32f4xx_syscfg.c...
compiling stm32f4xx_tim.c...
compiling stm32f4xx_usart.c...
compiling system_stm32f4xx.c...
assembling startup_stm32f401xx.s...
linking...
Program Size: Code=7672 RO-data=436 RW-data=132 ZI-data=16628  
FromELF: creating hex file...
".\Objects\STM32F4Training.axf" - 0 Error(s), 0 Warning(s).

<h2>Collection of Component include folders:</h2>
  D:\ARM\Training\Projects\STM32F4_Training\RTE
  C:\Keil_v5\ARM\PACK\Keil\STM32F4xx_DFP\2.3.0\Drivers\CMSIS\Device\ST\STM32F4xx\Include

<h2>Collection of Component Files used:</h2>
Load "D:\\ARM\\Training\\Projects\\STM32F4_Training\\Objects\\STM32F4Training.axf" 
Erase Done.
Programming Done.
Verify OK.
Application running ...
</pre>
</body>
</html>
ts\STM32F4_Training\RTE
  C:\Keil_v5\ARM\PACK\Keil\STM32F4xx_DFP\2.3.0\Drivers\CMSIS\Device\ST\STM32F4xx\Include

<h2>Collection of Component Files used:</h2>
Target not created.
5\ARM\PACK\Keil\STM32F4xx_DFP\2.3.0\Drivers\CMSIS\Device\ST\STM32F4xx\Include

<h2>Collection of Component Files used:</h2>
Target not created.
on, 0 warning and 6 error messages.
".\Objects\STM32F4Training.axf" - 6 Error(s), 2 Warning(s).

<h2>Collection of Component include folders:</h2>
  D:\ARM\Training\Projects\STM32F4_Training\RTE
  C:\Keil_v5\ARM\PACK\Keil\STM32F4xx_DFP\2.3.0\Drivers\CMSIS\Device\ST\STM32F4xx\Include

<h2>Collection of Component Files used:</h2>
Target not created.
