Component: ARM Compiler 5.05 (build 41) Tool: armlink [4d0eb9]

==============================================================================

Section Cross References

    main.o(.text) refers to queue.o(.text) for xQueueGenericReceive
    main.o(.text) refers to printf2.o(i.__0printf$2) for __2printf
    main.o(.text) refers to disco_led.o(.text) for Disco_Led_Toggle
    main.o(.text) refers to tasks.o(.text) for vTaskDelay
    main.o(.text) refers to disco_clock.o(.text) for Disco_Clock_Init
    main.o(.text) refers to disco_usart.o(.text) for DISCO_USART_Init
    main.o(.text) refers to disco_button.o(.text) for Disco_Button_Init
    main.o(.text) refers to stm32f4xx_usart.o(.text) for USART_GetITStatus
    main.o(.text) refers to stm32f4xx_exti.o(.text) for EXTI_GetITStatus
    main.o(.text) refers to main.o(.data) for .data
    tasks.o(.text) refers to port.o(.emb_text) for ulPortSetInterruptMask
    tasks.o(.text) refers to heap_2.o(.text) for pvPortMalloc
    tasks.o(.text) refers to memseta.o(.text) for __aeabi_memset
    tasks.o(.text) refers to list.o(.text) for vListInitialiseItem
    tasks.o(.text) refers to port.o(.text) for pxPortInitialiseStack
    tasks.o(.text) refers to tasks.o(.data) for .data
    tasks.o(.text) refers to tasks.o(.bss) for .bss
    queue.o(.text) refers to port.o(.text) for vPortEnterCritical
    queue.o(.text) refers to list.o(.text) for vListInitialise
    queue.o(.text) refers to port.o(.emb_text) for ulPortSetInterruptMask
    queue.o(.text) refers to tasks.o(.text) for xTaskRemoveFromEventList
    queue.o(.text) refers to heap_2.o(.text) for pvPortMalloc
    queue.o(.text) refers to memcpya.o(.text) for __aeabi_memcpy
    queue.o(.text) refers to queue.o(.bss) for .bss
    heap_2.o(.text) refers to tasks.o(.text) for vTaskSuspendAll
    heap_2.o(.text) refers to heap_2.o(.data) for .data
    heap_2.o(.text) refers to heap_2.o(.bss) for .bss
    port.o(.emb_text) refers to tasks.o(.text) for vTaskSwitchContext
    port.o(.emb_text) refers to tasks.o(.data) for pxCurrentTCB
    port.o(.text) refers to port.o(.emb_text) for ulPortSetInterruptMask
    port.o(.text) refers to tasks.o(.text) for xTaskIncrementTick
    port.o(.text) refers to port.o(.data) for .data
    port.o(.text) refers to system_stm32f4xx.o(.data) for SystemCoreClock
    croutine.o(.text) refers to heap_2.o(.text) for pvPortMalloc
    croutine.o(.text) refers to list.o(.text) for vListInitialise
    croutine.o(.text) refers to port.o(.emb_text) for ulPortSetInterruptMask
    croutine.o(.text) refers to tasks.o(.text) for xTaskGetTickCount
    croutine.o(.text) refers to croutine.o(.data) for .data
    croutine.o(.text) refers to croutine.o(.bss) for .bss
    event_groups.o(.text) refers to heap_2.o(.text) for pvPortMalloc
    event_groups.o(.text) refers to list.o(.text) for vListInitialise
    event_groups.o(.text) refers to port.o(.emb_text) for ulPortSetInterruptMask
    event_groups.o(.text) refers to tasks.o(.text) for vTaskSuspendAll
    event_groups.o(.text) refers to port.o(.text) for vPortYield
    disco_adc.o(.text) refers to stm32f4xx_rcc.o(.text) for RCC_AHB1PeriphClockCmd
    disco_adc.o(.text) refers to stm32f4xx_gpio.o(.text) for GPIO_Init
    disco_adc.o(.text) refers to stm32f4xx_dma.o(.text) for DMA_DeInit
    disco_adc.o(.text) refers to stm32f4xx_adc.o(.text) for ADC_CommonInit
    disco_adc.o(.text) refers to disco_adc.o(.data) for .data
    disco_button.o(.text) refers to stm32f4xx_rcc.o(.text) for RCC_AHB1PeriphClockCmd
    disco_button.o(.text) refers to stm32f4xx_gpio.o(.text) for GPIO_Init
    disco_button.o(.text) refers to stm32f4xx_syscfg.o(.text) for SYSCFG_EXTILineConfig
    disco_button.o(.text) refers to stm32f4xx_exti.o(.text) for EXTI_Init
    disco_button.o(.text) refers to misc.o(.text) for NVIC_PriorityGroupConfig
    disco_clock.o(.text) refers to stm32f4xx_rcc.o(.text) for RCC_HSEConfig
    disco_clock.o(.text) refers to misc.o(.text) for SysTick_CLKSourceConfig
    disco_clock.o(.text) refers to system_stm32f4xx.o(.text) for SystemCoreClockUpdate
    disco_clock.o(.text) refers to system_stm32f4xx.o(.data) for SystemCoreClock
    disco_led.o(.text) refers to stm32f4xx_rcc.o(.text) for RCC_AHB1PeriphClockCmd
    disco_led.o(.text) refers to stm32f4xx_gpio.o(.text) for GPIO_Init
    disco_led.o(.text) refers to disco_led.o(.data) for .data
    disco_usart.o(.text) refers to stm32f4xx_rcc.o(.text) for RCC_APB2PeriphClockCmd
    disco_usart.o(.text) refers to stm32f4xx_gpio.o(.text) for GPIO_Init
    disco_usart.o(.text) refers to stm32f4xx_usart.o(.text) for USART_Init
    disco_usart.o(.text) refers to misc.o(.text) for NVIC_PriorityGroupConfig
    stm32f4xx_adc.o(.text) refers to stm32f4xx_rcc.o(.text) for RCC_APB2PeriphResetCmd
    stm32f4xx_gpio.o(.text) refers to stm32f4xx_rcc.o(.text) for RCC_AHB1PeriphResetCmd
    stm32f4xx_rcc.o(.text) refers to stm32f4xx_rcc.o(.data) for .data
    stm32f4xx_syscfg.o(.text) refers to stm32f4xx_rcc.o(.text) for RCC_APB2PeriphResetCmd
    stm32f4xx_tim.o(.text) refers to stm32f4xx_rcc.o(.text) for RCC_APB1PeriphResetCmd
    stm32f4xx_usart.o(.text) refers to stm32f4xx_rcc.o(.text) for RCC_APB1PeriphResetCmd
    system_stm32f4xx.o(.text) refers to system_stm32f4xx.o(.data) for .data
    startup_stm32f401xx.o(RESET) refers to startup_stm32f401xx.o(STACK) for __initial_sp
    startup_stm32f401xx.o(RESET) refers to startup_stm32f401xx.o(.text) for Reset_Handler
    startup_stm32f401xx.o(RESET) refers to port.o(.emb_text) for SVC_Handler
    startup_stm32f401xx.o(RESET) refers to port.o(.text) for SysTick_Handler
    startup_stm32f401xx.o(RESET) refers to main.o(.text) for EXTI0_IRQHandler
    startup_stm32f401xx.o(.text) refers to system_stm32f4xx.o(.text) for SystemInit
    startup_stm32f401xx.o(.text) refers to entry.o(.ARM.Collect$$$$00000000) for __main
    entry.o(.ARM.Collect$$$$00000000) refers (Special) to entry10a.o(.ARM.Collect$$$$0000000D) for __rt_final_cpp
    entry.o(.ARM.Collect$$$$00000000) refers (Special) to entry11a.o(.ARM.Collect$$$$0000000F) for __rt_final_exit
    entry.o(.ARM.Collect$$$$00000000) refers (Special) to entry7b.o(.ARM.Collect$$$$00000008) for _main_clock
    entry.o(.ARM.Collect$$$$00000000) refers (Special) to entry8b.o(.ARM.Collect$$$$0000000A) for _main_cpp_init
    entry.o(.ARM.Collect$$$$00000000) refers (Special) to entry9a.o(.ARM.Collect$$$$0000000B) for _main_init
    entry.o(.ARM.Collect$$$$00000000) refers (Special) to entry5.o(.ARM.Collect$$$$00000004) for _main_scatterload
    entry.o(.ARM.Collect$$$$00000000) refers (Special) to entry2.o(.ARM.Collect$$$$00000001) for _main_stk
    printfb.o(i.__0fprintf$bare) refers to printfb.o(i._printf_core) for _printf_core
    printfb.o(i.__0fprintf$bare) refers to disco_usart.o(.text) for fputc
    printfb.o(i.__0printf$bare) refers to printfb.o(i._printf_core) for _printf_core
    printfb.o(i.__0printf$bare) refers to disco_usart.o(.text) for fputc
    printfb.o(i.__0printf$bare) refers to stdout.o(.data) for __stdout
    printfb.o(i.__0snprintf$bare) refers to printfb.o(i._printf_core) for _printf_core
    printfb.o(i.__0snprintf$bare) refers to printfb.o(i._snputc) for _snputc
    printfb.o(i.__0sprintf$bare) refers to printfb.o(i._printf_core) for _printf_core
    printfb.o(i.__0sprintf$bare) refers to printfb.o(i._sputc) for _sputc
    printfb.o(i.__0vfprintf$bare) refers to printfb.o(i._printf_core) for _printf_core
    printfb.o(i.__0vfprintf$bare) refers to disco_usart.o(.text) for fputc
    printfb.o(i.__0vprintf$bare) refers to printfb.o(i._printf_core) for _printf_core
    printfb.o(i.__0vprintf$bare) refers to disco_usart.o(.text) for fputc
    printfb.o(i.__0vprintf$bare) refers to stdout.o(.data) for __stdout
    printfb.o(i.__0vsnprintf$bare) refers to printfb.o(i._printf_core) for _printf_core
    printfb.o(i.__0vsnprintf$bare) refers to printfb.o(i._snputc) for _snputc
    printfb.o(i.__0vsprintf$bare) refers to printfb.o(i._printf_core) for _printf_core
    printfb.o(i.__0vsprintf$bare) refers to printfb.o(i._sputc) for _sputc
    printf0.o(i.__0fprintf$0) refers to printf0.o(i._printf_core) for _printf_core
    printf0.o(i.__0fprintf$0) refers to disco_usart.o(.text) for fputc
    printf0.o(i.__0printf$0) refers to printf0.o(i._printf_core) for _printf_core
    printf0.o(i.__0printf$0) refers to disco_usart.o(.text) for fputc
    printf0.o(i.__0printf$0) refers to stdout.o(.data) for __stdout
    printf0.o(i.__0snprintf$0) refers to printf0.o(i._printf_core) for _printf_core
    printf0.o(i.__0snprintf$0) refers to printf0.o(i._snputc) for _snputc
    printf0.o(i.__0sprintf$0) refers to printf0.o(i._printf_core) for _printf_core
    printf0.o(i.__0sprintf$0) refers to printf0.o(i._sputc) for _sputc
    printf0.o(i.__0vfprintf$0) refers to printf0.o(i._printf_core) for _printf_core
    printf0.o(i.__0vfprintf$0) refers to disco_usart.o(.text) for fputc
    printf0.o(i.__0vprintf$0) refers to printf0.o(i._printf_core) for _printf_core
    printf0.o(i.__0vprintf$0) refers to disco_usart.o(.text) for fputc
    printf0.o(i.__0vprintf$0) refers to stdout.o(.data) for __stdout
    printf0.o(i.__0vsnprintf$0) refers to printf0.o(i._printf_core) for _printf_core
    printf0.o(i.__0vsnprintf$0) refers to printf0.o(i._snputc) for _snputc
    printf0.o(i.__0vsprintf$0) refers to printf0.o(i._printf_core) for _printf_core
    printf0.o(i.__0vsprintf$0) refers to printf0.o(i._sputc) for _sputc
    printf1.o(i.__0fprintf$1) refers to printf1.o(i._printf_core) for _printf_core
    printf1.o(i.__0fprintf$1) refers to disco_usart.o(.text) for fputc
    printf1.o(i.__0printf$1) refers to printf1.o(i._printf_core) for _printf_core
    printf1.o(i.__0printf$1) refers to disco_usart.o(.text) for fputc
    printf1.o(i.__0printf$1) refers to stdout.o(.data) for __stdout
    printf1.o(i.__0snprintf$1) refers to printf1.o(i._printf_core) for _printf_core
    printf1.o(i.__0snprintf$1) refers to printf1.o(i._snputc) for _snputc
    printf1.o(i.__0sprintf$1) refers to printf1.o(i._printf_core) for _printf_core
    printf1.o(i.__0sprintf$1) refers to printf1.o(i._sputc) for _sputc
    printf1.o(i.__0vfprintf$1) refers to printf1.o(i._printf_core) for _printf_core
    printf1.o(i.__0vfprintf$1) refers to disco_usart.o(.text) for fputc
    printf1.o(i.__0vprintf$1) refers to printf1.o(i._printf_core) for _printf_core
    printf1.o(i.__0vprintf$1) refers to disco_usart.o(.text) for fputc
    printf1.o(i.__0vprintf$1) refers to stdout.o(.data) for __stdout
    printf1.o(i.__0vsnprintf$1) refers to printf1.o(i._printf_core) for _printf_core
    printf1.o(i.__0vsnprintf$1) refers to printf1.o(i._snputc) for _snputc
    printf1.o(i.__0vsprintf$1) refers to printf1.o(i._printf_core) for _printf_core
    printf1.o(i.__0vsprintf$1) refers to printf1.o(i._sputc) for _sputc
    printf1.o(i._printf_core) refers to uidiv.o(.text) for __aeabi_uidivmod
    printf2.o(i.__0fprintf$2) refers to printf2.o(i._printf_core) for _printf_core
    printf2.o(i.__0fprintf$2) refers to disco_usart.o(.text) for fputc
    printf2.o(i.__0printf$2) refers to printf2.o(i._printf_core) for _printf_core
    printf2.o(i.__0printf$2) refers to disco_usart.o(.text) for fputc
    printf2.o(i.__0printf$2) refers to stdout.o(.data) for __stdout
    printf2.o(i.__0snprintf$2) refers to printf2.o(i._printf_core) for _printf_core
    printf2.o(i.__0snprintf$2) refers to printf2.o(i._snputc) for _snputc
    printf2.o(i.__0sprintf$2) refers to printf2.o(i._printf_core) for _printf_core
    printf2.o(i.__0sprintf$2) refers to printf2.o(i._sputc) for _sputc
    printf2.o(i.__0vfprintf$2) refers to printf2.o(i._printf_core) for _printf_core
    printf2.o(i.__0vfprintf$2) refers to disco_usart.o(.text) for fputc
    printf2.o(i.__0vprintf$2) refers to printf2.o(i._printf_core) for _printf_core
    printf2.o(i.__0vprintf$2) refers to disco_usart.o(.text) for fputc
    printf2.o(i.__0vprintf$2) refers to stdout.o(.data) for __stdout
    printf2.o(i.__0vsnprintf$2) refers to printf2.o(i._printf_core) for _printf_core
    printf2.o(i.__0vsnprintf$2) refers to printf2.o(i._snputc) for _snputc
    printf2.o(i.__0vsprintf$2) refers to printf2.o(i._printf_core) for _printf_core
    printf2.o(i.__0vsprintf$2) refers to printf2.o(i._sputc) for _sputc
    printf3.o(i.__0fprintf$3) refers to printf3.o(i._printf_core) for _printf_core
    printf3.o(i.__0fprintf$3) refers to disco_usart.o(.text) for fputc
    printf3.o(i.__0printf$3) refers to printf3.o(i._printf_core) for _printf_core
    printf3.o(i.__0printf$3) refers to disco_usart.o(.text) for fputc
    printf3.o(i.__0printf$3) refers to stdout.o(.data) for __stdout
    printf3.o(i.__0snprintf$3) refers to printf3.o(i._printf_core) for _printf_core
    printf3.o(i.__0snprintf$3) refers to printf3.o(i._snputc) for _snputc
    printf3.o(i.__0sprintf$3) refers to printf3.o(i._printf_core) for _printf_core
    printf3.o(i.__0sprintf$3) refers to printf3.o(i._sputc) for _sputc
    printf3.o(i.__0vfprintf$3) refers to printf3.o(i._printf_core) for _printf_core
    printf3.o(i.__0vfprintf$3) refers to disco_usart.o(.text) for fputc
    printf3.o(i.__0vprintf$3) refers to printf3.o(i._printf_core) for _printf_core
    printf3.o(i.__0vprintf$3) refers to disco_usart.o(.text) for fputc
    printf3.o(i.__0vprintf$3) refers to stdout.o(.data) for __stdout
    printf3.o(i.__0vsnprintf$3) refers to printf3.o(i._printf_core) for _printf_core
    printf3.o(i.__0vsnprintf$3) refers to printf3.o(i._snputc) for _snputc
    printf3.o(i.__0vsprintf$3) refers to printf3.o(i._printf_core) for _printf_core
    printf3.o(i.__0vsprintf$3) refers to printf3.o(i._sputc) for _sputc
    printf3.o(i._printf_core) refers to uidiv.o(.text) for __aeabi_uidivmod
    printf4.o(i.__0fprintf$4) refers to printf4.o(i._printf_core) for _printf_core
    printf4.o(i.__0fprintf$4) refers to disco_usart.o(.text) for fputc
    printf4.o(i.__0printf$4) refers to printf4.o(i._printf_core) for _printf_core
    printf4.o(i.__0printf$4) refers to disco_usart.o(.text) for fputc
    printf4.o(i.__0printf$4) refers to stdout.o(.data) for __stdout
    printf4.o(i.__0snprintf$4) refers to printf4.o(i._printf_core) for _printf_core
    printf4.o(i.__0snprintf$4) refers to printf4.o(i._snputc) for _snputc
    printf4.o(i.__0sprintf$4) refers to printf4.o(i._printf_core) for _printf_core
    printf4.o(i.__0sprintf$4) refers to printf4.o(i._sputc) for _sputc
    printf4.o(i.__0vfprintf$4) refers to printf4.o(i._printf_core) for _printf_core
    printf4.o(i.__0vfprintf$4) refers to disco_usart.o(.text) for fputc
    printf4.o(i.__0vprintf$4) refers to printf4.o(i._printf_core) for _printf_core
    printf4.o(i.__0vprintf$4) refers to disco_usart.o(.text) for fputc
    printf4.o(i.__0vprintf$4) refers to stdout.o(.data) for __stdout
    printf4.o(i.__0vsnprintf$4) refers to printf4.o(i._printf_core) for _printf_core
    printf4.o(i.__0vsnprintf$4) refers to printf4.o(i._snputc) for _snputc
    printf4.o(i.__0vsprintf$4) refers to printf4.o(i._printf_core) for _printf_core
    printf4.o(i.__0vsprintf$4) refers to printf4.o(i._sputc) for _sputc
    printf4.o(i._printf_core) refers to uldiv.o(.text) for __aeabi_uldivmod
    printf5.o(i.__0fprintf$5) refers to printf5.o(i._printf_core) for _printf_core
    printf5.o(i.__0fprintf$5) refers to disco_usart.o(.text) for fputc
    printf5.o(i.__0printf$5) refers to printf5.o(i._printf_core) for _printf_core
    printf5.o(i.__0printf$5) refers to disco_usart.o(.text) for fputc
    printf5.o(i.__0printf$5) refers to stdout.o(.data) for __stdout
    printf5.o(i.__0snprintf$5) refers to printf5.o(i._printf_core) for _printf_core
    printf5.o(i.__0snprintf$5) refers to printf5.o(i._snputc) for _snputc
    printf5.o(i.__0sprintf$5) refers to printf5.o(i._printf_core) for _printf_core
    printf5.o(i.__0sprintf$5) refers to printf5.o(i._sputc) for _sputc
    printf5.o(i.__0vfprintf$5) refers to printf5.o(i._printf_core) for _printf_core
    printf5.o(i.__0vfprintf$5) refers to disco_usart.o(.text) for fputc
    printf5.o(i.__0vprintf$5) refers to printf5.o(i._printf_core) for _printf_core
    printf5.o(i.__0vprintf$5) refers to disco_usart.o(.text) for fputc
    printf5.o(i.__0vprintf$5) refers to stdout.o(.data) for __stdout
    printf5.o(i.__0vsnprintf$5) refers to printf5.o(i._printf_core) for _printf_core
    printf5.o(i.__0vsnprintf$5) refers to printf5.o(i._snputc) for _snputc
    printf5.o(i.__0vsprintf$5) refers to printf5.o(i._printf_core) for _printf_core
    printf5.o(i.__0vsprintf$5) refers to printf5.o(i._sputc) for _sputc
    printf5.o(i._printf_core) refers to uldiv.o(.text) for __aeabi_uldivmod
    printf6.o(i.__0fprintf$6) refers to printf6.o(i._printf_core) for _printf_core
    printf6.o(i.__0fprintf$6) refers to disco_usart.o(.text) for fputc
    printf6.o(i.__0printf$6) refers to printf6.o(i._printf_core) for _printf_core
    printf6.o(i.__0printf$6) refers to disco_usart.o(.text) for fputc
    printf6.o(i.__0printf$6) refers to stdout.o(.data) for __stdout
    printf6.o(i.__0snprintf$6) refers to printf6.o(i._printf_core) for _printf_core
    printf6.o(i.__0snprintf$6) refers to printf6.o(i._snputc) for _snputc
    printf6.o(i.__0sprintf$6) refers to printf6.o(i._printf_core) for _printf_core
    printf6.o(i.__0sprintf$6) refers to printf6.o(i._sputc) for _sputc
    printf6.o(i.__0vfprintf$6) refers to printf6.o(i._printf_core) for _printf_core
    printf6.o(i.__0vfprintf$6) refers to disco_usart.o(.text) for fputc
    printf6.o(i.__0vprintf$6) refers to printf6.o(i._printf_core) for _printf_core
    printf6.o(i.__0vprintf$6) refers to disco_usart.o(.text) for fputc
    printf6.o(i.__0vprintf$6) refers to stdout.o(.data) for __stdout
    printf6.o(i.__0vsnprintf$6) refers to printf6.o(i._printf_core) for _printf_core
    printf6.o(i.__0vsnprintf$6) refers to printf6.o(i._snputc) for _snputc
    printf6.o(i.__0vsprintf$6) refers to printf6.o(i._printf_core) for _printf_core
    printf6.o(i.__0vsprintf$6) refers to printf6.o(i._sputc) for _sputc
    printf6.o(i._printf_core) refers to printf6.o(i._printf_pre_padding) for _printf_pre_padding
    printf6.o(i._printf_core) refers to uidiv.o(.text) for __aeabi_uidivmod
    printf6.o(i._printf_core) refers to printf6.o(i._printf_post_padding) for _printf_post_padding
    printf7.o(i.__0fprintf$7) refers to printf7.o(i._printf_core) for _printf_core
    printf7.o(i.__0fprintf$7) refers to disco_usart.o(.text) for fputc
    printf7.o(i.__0printf$7) refers to printf7.o(i._printf_core) for _printf_core
    printf7.o(i.__0printf$7) refers to disco_usart.o(.text) for fputc
    printf7.o(i.__0printf$7) refers to stdout.o(.data) for __stdout
    printf7.o(i.__0snprintf$7) refers to printf7.o(i._printf_core) for _printf_core
    printf7.o(i.__0snprintf$7) refers to printf7.o(i._snputc) for _snputc
    printf7.o(i.__0sprintf$7) refers to printf7.o(i._printf_core) for _printf_core
    printf7.o(i.__0sprintf$7) refers to printf7.o(i._sputc) for _sputc
    printf7.o(i.__0vfprintf$7) refers to printf7.o(i._printf_core) for _printf_core
    printf7.o(i.__0vfprintf$7) refers to disco_usart.o(.text) for fputc
    printf7.o(i.__0vprintf$7) refers to printf7.o(i._printf_core) for _printf_core
    printf7.o(i.__0vprintf$7) refers to disco_usart.o(.text) for fputc
    printf7.o(i.__0vprintf$7) refers to stdout.o(.data) for __stdout
    printf7.o(i.__0vsnprintf$7) refers to printf7.o(i._printf_core) for _printf_core
    printf7.o(i.__0vsnprintf$7) refers to printf7.o(i._snputc) for _snputc
    printf7.o(i.__0vsprintf$7) refers to printf7.o(i._printf_core) for _printf_core
    printf7.o(i.__0vsprintf$7) refers to printf7.o(i._sputc) for _sputc
    printf7.o(i._printf_core) refers to printf7.o(i._printf_pre_padding) for _printf_pre_padding
    printf7.o(i._printf_core) refers to uldiv.o(.text) for __aeabi_uldivmod
    printf7.o(i._printf_core) refers to printf7.o(i._printf_post_padding) for _printf_post_padding
    printf8.o(i.__0fprintf$8) refers to printf8.o(i._printf_core) for _printf_core
    printf8.o(i.__0fprintf$8) refers to disco_usart.o(.text) for fputc
    printf8.o(i.__0printf$8) refers to printf8.o(i._printf_core) for _printf_core
    printf8.o(i.__0printf$8) refers to disco_usart.o(.text) for fputc
    printf8.o(i.__0printf$8) refers to stdout.o(.data) for __stdout
    printf8.o(i.__0snprintf$8) refers to printf8.o(i._printf_core) for _printf_core
    printf8.o(i.__0snprintf$8) refers to printf8.o(i._snputc) for _snputc
    printf8.o(i.__0sprintf$8) refers to printf8.o(i._printf_core) for _printf_core
    printf8.o(i.__0sprintf$8) refers to printf8.o(i._sputc) for _sputc
    printf8.o(i.__0vfprintf$8) refers to printf8.o(i._printf_core) for _printf_core
    printf8.o(i.__0vfprintf$8) refers to disco_usart.o(.text) for fputc
    printf8.o(i.__0vprintf$8) refers to printf8.o(i._printf_core) for _printf_core
    printf8.o(i.__0vprintf$8) refers to disco_usart.o(.text) for fputc
    printf8.o(i.__0vprintf$8) refers to stdout.o(.data) for __stdout
    printf8.o(i.__0vsnprintf$8) refers to printf8.o(i._printf_core) for _printf_core
    printf8.o(i.__0vsnprintf$8) refers to printf8.o(i._snputc) for _snputc
    printf8.o(i.__0vsprintf$8) refers to printf8.o(i._printf_core) for _printf_core
    printf8.o(i.__0vsprintf$8) refers to printf8.o(i._sputc) for _sputc
    printf8.o(i._printf_core) refers to printf8.o(i._printf_pre_padding) for _printf_pre_padding
    printf8.o(i._printf_core) refers to uldiv.o(.text) for __aeabi_uldivmod
    printf8.o(i._printf_core) refers to printf8.o(i._printf_post_padding) for _printf_post_padding
    printfa.o(i.__0fprintf) refers (Special) to iusefp.o(.text) for __I$use$fp
    printfa.o(i.__0fprintf) refers to printfa.o(i._printf_core) for _printf_core
    printfa.o(i.__0fprintf) refers to disco_usart.o(.text) for fputc
    printfa.o(i.__0printf) refers (Special) to iusefp.o(.text) for __I$use$fp
    printfa.o(i.__0printf) refers to printfa.o(i._printf_core) for _printf_core
    printfa.o(i.__0printf) refers to disco_usart.o(.text) for fputc
    printfa.o(i.__0printf) refers to stdout.o(.data) for __stdout
    printfa.o(i.__0snprintf) refers (Special) to iusefp.o(.text) for __I$use$fp
    printfa.o(i.__0snprintf) refers to printfa.o(i._printf_core) for _printf_core
    printfa.o(i.__0snprintf) refers to printfa.o(i._snputc) for _snputc
    printfa.o(i.__0sprintf) refers (Special) to iusefp.o(.text) for __I$use$fp
    printfa.o(i.__0sprintf) refers to printfa.o(i._printf_core) for _printf_core
    printfa.o(i.__0sprintf) refers to printfa.o(i._sputc) for _sputc
    printfa.o(i.__0vfprintf) refers (Special) to iusefp.o(.text) for __I$use$fp
    printfa.o(i.__0vfprintf) refers to printfa.o(i._printf_core) for _printf_core
    printfa.o(i.__0vfprintf) refers to disco_usart.o(.text) for fputc
    printfa.o(i.__0vprintf) refers (Special) to iusefp.o(.text) for __I$use$fp
    printfa.o(i.__0vprintf) refers to printfa.o(i._printf_core) for _printf_core
    printfa.o(i.__0vprintf) refers to disco_usart.o(.text) for fputc
    printfa.o(i.__0vprintf) refers to stdout.o(.data) for __stdout
    printfa.o(i.__0vsnprintf) refers (Special) to iusefp.o(.text) for __I$use$fp
    printfa.o(i.__0vsnprintf) refers to printfa.o(i._printf_core) for _printf_core
    printfa.o(i.__0vsnprintf) refers to printfa.o(i._snputc) for _snputc
    printfa.o(i.__0vsprintf) refers (Special) to iusefp.o(.text) for __I$use$fp
    printfa.o(i.__0vsprintf) refers to printfa.o(i._printf_core) for _printf_core
    printfa.o(i.__0vsprintf) refers to printfa.o(i._sputc) for _sputc
    printfa.o(i._fp_digits) refers (Special) to iusefp.o(.text) for __I$use$fp
    printfa.o(i._fp_digits) refers to dmul.o(.text) for __aeabi_dmul
    printfa.o(i._fp_digits) refers to ddiv.o(.text) for __aeabi_ddiv
    printfa.o(i._fp_digits) refers to cdrcmple.o(.text) for __aeabi_cdrcmple
    printfa.o(i._fp_digits) refers to dadd.o(.text) for __aeabi_dadd
    printfa.o(i._fp_digits) refers to dfixul.o(.text) for __aeabi_d2ulz
    printfa.o(i._fp_digits) refers to uldiv.o(.text) for __aeabi_uldivmod
    printfa.o(i._printf_core) refers (Special) to iusefp.o(.text) for __I$use$fp
    printfa.o(i._printf_core) refers to printfa.o(i._printf_pre_padding) for _printf_pre_padding
    printfa.o(i._printf_core) refers to uldiv.o(.text) for __aeabi_uldivmod
    printfa.o(i._printf_core) refers to printfa.o(i._printf_post_padding) for _printf_post_padding
    printfa.o(i._printf_core) refers to printfa.o(i._fp_digits) for _fp_digits
    printfa.o(i._printf_core) refers to uidiv.o(.text) for __aeabi_uidivmod
    printfa.o(i._printf_post_padding) refers (Special) to iusefp.o(.text) for __I$use$fp
    printfa.o(i._printf_pre_padding) refers (Special) to iusefp.o(.text) for __I$use$fp
    printfa.o(i._snputc) refers (Special) to iusefp.o(.text) for __I$use$fp
    printfa.o(i._sputc) refers (Special) to iusefp.o(.text) for __I$use$fp
    entry2.o(.ARM.Collect$$$$00000001) refers to entry2.o(.ARM.Collect$$$$00002712) for __lit__00000000
    entry2.o(.ARM.Collect$$$$00002712) refers to startup_stm32f401xx.o(STACK) for __initial_sp
    entry2.o(__vectab_stack_and_reset_area) refers to startup_stm32f401xx.o(STACK) for __initial_sp
    entry2.o(__vectab_stack_and_reset_area) refers to entry.o(.ARM.Collect$$$$00000000) for __main
    entry5.o(.ARM.Collect$$$$00000004) refers to init.o(.text) for __scatterload
    entry9a.o(.ARM.Collect$$$$0000000B) refers to main.o(.text) for main
    entry9b.o(.ARM.Collect$$$$0000000C) refers to main.o(.text) for main
    uldiv.o(.text) refers to llushr.o(.text) for __aeabi_llsr
    uldiv.o(.text) refers to llshl.o(.text) for __aeabi_llsl
    dadd.o(.text) refers to llshl.o(.text) for __aeabi_llsl
    dadd.o(.text) refers to llsshr.o(.text) for __aeabi_lasr
    dadd.o(.text) refers to depilogue.o(.text) for _double_epilogue
    dmul.o(.text) refers to depilogue.o(.text) for _double_epilogue
    ddiv.o(.text) refers to depilogue.o(.text) for _double_round
    dfixul.o(.text) refers to llushr.o(.text) for __aeabi_llsr
    dfixul.o(.text) refers to llshl.o(.text) for __aeabi_llsl
    init.o(.text) refers to entry5.o(.ARM.Collect$$$$00000004) for __main_after_scatterload
    depilogue.o(.text) refers to llshl.o(.text) for __aeabi_llsl
    depilogue.o(.text) refers to llushr.o(.text) for __aeabi_llsr


==============================================================================

Removing Unused input sections from the image.

    Removing main.o(.rev16_text), (4 bytes).
    Removing main.o(.revsh_text), (4 bytes).
    Removing main.o(.rrx_text), (6 bytes).
    Removing croutine.o(.text), (584 bytes).
    Removing croutine.o(.bss), (100 bytes).
    Removing croutine.o(.data), (28 bytes).
    Removing event_groups.o(.text), (918 bytes).
    Removing disco_adc.o(.rev16_text), (4 bytes).
    Removing disco_adc.o(.revsh_text), (4 bytes).
    Removing disco_adc.o(.rrx_text), (6 bytes).
    Removing disco_adc.o(.text), (264 bytes).
    Removing disco_adc.o(.data), (4 bytes).
    Removing disco_button.o(.rev16_text), (4 bytes).
    Removing disco_button.o(.revsh_text), (4 bytes).
    Removing disco_button.o(.rrx_text), (6 bytes).
    Removing disco_clock.o(.rev16_text), (4 bytes).
    Removing disco_clock.o(.revsh_text), (4 bytes).
    Removing disco_clock.o(.rrx_text), (6 bytes).
    Removing disco_led.o(.rev16_text), (4 bytes).
    Removing disco_led.o(.revsh_text), (4 bytes).
    Removing disco_led.o(.rrx_text), (6 bytes).
    Removing disco_usart.o(.rev16_text), (4 bytes).
    Removing disco_usart.o(.revsh_text), (4 bytes).
    Removing disco_usart.o(.rrx_text), (6 bytes).
    Removing misc.o(.rev16_text), (4 bytes).
    Removing misc.o(.revsh_text), (4 bytes).
    Removing misc.o(.rrx_text), (6 bytes).
    Removing stm32f4xx_adc.o(.rev16_text), (4 bytes).
    Removing stm32f4xx_adc.o(.revsh_text), (4 bytes).
    Removing stm32f4xx_adc.o(.rrx_text), (6 bytes).
    Removing stm32f4xx_adc.o(.text), (912 bytes).
    Removing stm32f4xx_dma.o(.rev16_text), (4 bytes).
    Removing stm32f4xx_dma.o(.revsh_text), (4 bytes).
    Removing stm32f4xx_dma.o(.rrx_text), (6 bytes).
    Removing stm32f4xx_dma.o(.text), (936 bytes).
    Removing stm32f4xx_exti.o(.rev16_text), (4 bytes).
    Removing stm32f4xx_exti.o(.revsh_text), (4 bytes).
    Removing stm32f4xx_exti.o(.rrx_text), (6 bytes).
    Removing stm32f4xx_gpio.o(.rev16_text), (4 bytes).
    Removing stm32f4xx_gpio.o(.revsh_text), (4 bytes).
    Removing stm32f4xx_gpio.o(.rrx_text), (6 bytes).
    Removing stm32f4xx_rcc.o(.rev16_text), (4 bytes).
    Removing stm32f4xx_rcc.o(.revsh_text), (4 bytes).
    Removing stm32f4xx_rcc.o(.rrx_text), (6 bytes).
    Removing stm32f4xx_syscfg.o(.rev16_text), (4 bytes).
    Removing stm32f4xx_syscfg.o(.revsh_text), (4 bytes).
    Removing stm32f4xx_syscfg.o(.rrx_text), (6 bytes).
    Removing stm32f4xx_tim.o(.rev16_text), (4 bytes).
    Removing stm32f4xx_tim.o(.revsh_text), (4 bytes).
    Removing stm32f4xx_tim.o(.rrx_text), (6 bytes).
    Removing stm32f4xx_tim.o(.text), (3046 bytes).
    Removing stm32f4xx_usart.o(.rev16_text), (4 bytes).
    Removing stm32f4xx_usart.o(.revsh_text), (4 bytes).
    Removing stm32f4xx_usart.o(.rrx_text), (6 bytes).
    Removing system_stm32f4xx.o(.rev16_text), (4 bytes).
    Removing system_stm32f4xx.o(.revsh_text), (4 bytes).
    Removing system_stm32f4xx.o(.rrx_text), (6 bytes).
    Removing startup_stm32f401xx.o(HEAP), (512 bytes).
    Removing dadd.o(.text), (334 bytes).
    Removing dmul.o(.text), (228 bytes).
    Removing ddiv.o(.text), (222 bytes).
    Removing dfixul.o(.text), (48 bytes).
    Removing cdrcmple.o(.text), (48 bytes).
    Removing depilogue.o(.text), (186 bytes).

64 unused section(s) (total 8594 bytes) removed from the image.

==============================================================================

Image Symbol Table

    Local Symbols

    Symbol Name                              Value     Ov Type        Size  Object(Section)

    ../clib/microlib/division.c              0x00000000   Number         0  uidiv.o ABSOLUTE
    ../clib/microlib/division.c              0x00000000   Number         0  uldiv.o ABSOLUTE
    ../clib/microlib/init/entry.s            0x00000000   Number         0  entry10b.o ABSOLUTE
    ../clib/microlib/init/entry.s            0x00000000   Number         0  entry10a.o ABSOLUTE
    ../clib/microlib/init/entry.s            0x00000000   Number         0  entry7b.o ABSOLUTE
    ../clib/microlib/init/entry.s            0x00000000   Number         0  entry7a.o ABSOLUTE
    ../clib/microlib/init/entry.s            0x00000000   Number         0  entry9b.o ABSOLUTE
    ../clib/microlib/init/entry.s            0x00000000   Number         0  entry5.o ABSOLUTE
    ../clib/microlib/init/entry.s            0x00000000   Number         0  entry.o ABSOLUTE
    ../clib/microlib/init/entry.s            0x00000000   Number         0  entry9a.o ABSOLUTE
    ../clib/microlib/init/entry.s            0x00000000   Number         0  entry8b.o ABSOLUTE
    ../clib/microlib/init/entry.s            0x00000000   Number         0  entry8a.o ABSOLUTE
    ../clib/microlib/init/entry.s            0x00000000   Number         0  entry11a.o ABSOLUTE
    ../clib/microlib/init/entry.s            0x00000000   Number         0  entry11b.o ABSOLUTE
    ../clib/microlib/init/entry.s            0x00000000   Number         0  entry2.o ABSOLUTE
    ../clib/microlib/longlong.c              0x00000000   Number         0  llsshr.o ABSOLUTE
    ../clib/microlib/longlong.c              0x00000000   Number         0  llshl.o ABSOLUTE
    ../clib/microlib/longlong.c              0x00000000   Number         0  llushr.o ABSOLUTE
    ../clib/microlib/printf/printf.c         0x00000000   Number         0  printfb.o ABSOLUTE
    ../clib/microlib/printf/printf.c         0x00000000   Number         0  printf7.o ABSOLUTE
    ../clib/microlib/printf/printf.c         0x00000000   Number         0  printf6.o ABSOLUTE
    ../clib/microlib/printf/printf.c         0x00000000   Number         0  printf5.o ABSOLUTE
    ../clib/microlib/printf/printf.c         0x00000000   Number         0  printf4.o ABSOLUTE
    ../clib/microlib/printf/printf.c         0x00000000   Number         0  printf3.o ABSOLUTE
    ../clib/microlib/printf/printf.c         0x00000000   Number         0  printf2.o ABSOLUTE
    ../clib/microlib/printf/printf.c         0x00000000   Number         0  printf1.o ABSOLUTE
    ../clib/microlib/printf/printf.c         0x00000000   Number         0  printf0.o ABSOLUTE
    ../clib/microlib/printf/printf.c         0x00000000   Number         0  printfa.o ABSOLUTE
    ../clib/microlib/printf/printf.c         0x00000000   Number         0  printf8.o ABSOLUTE
    ../clib/microlib/printf/stubs.s          0x00000000   Number         0  stubs.o ABSOLUTE
    ../clib/microlib/stdio/streams.c         0x00000000   Number         0  stdout.o ABSOLUTE
    ../clib/microlib/string/memcpy.c         0x00000000   Number         0  memcpyb.o ABSOLUTE
    ../clib/microlib/string/memcpy.c         0x00000000   Number         0  memcpya.o ABSOLUTE
    ../clib/microlib/string/memset.c         0x00000000   Number         0  memseta.o ABSOLUTE
    ../clib/microlib/stubs.s                 0x00000000   Number         0  iusefp.o ABSOLUTE
    ../fplib/microlib/fpadd.c                0x00000000   Number         0  dadd.o ABSOLUTE
    ../fplib/microlib/fpdiv.c                0x00000000   Number         0  ddiv.o ABSOLUTE
    ../fplib/microlib/fpepilogue.c           0x00000000   Number         0  depilogue.o ABSOLUTE
    ../fplib/microlib/fpfix.c                0x00000000   Number         0  dfixul.o ABSOLUTE
    ../fplib/microlib/fpmul.c                0x00000000   Number         0  dmul.o ABSOLUTE
    System\FreeRTOS\croutine.c               0x00000000   Number         0  croutine.o ABSOLUTE
    System\FreeRTOS\event_groups.c           0x00000000   Number         0  event_groups.o ABSOLUTE
    System\FreeRTOS\list.c                   0x00000000   Number         0  list.o ABSOLUTE
    System\FreeRTOS\portable\MemMang\heap_2.c 0x00000000   Number         0  heap_2.o ABSOLUTE
    System\FreeRTOS\portable\RVDS\ARM_CM4F\port.c 0x00000000   Number         0  port.o ABSOLUTE
    System\FreeRTOS\queue.c                  0x00000000   Number         0  queue.o ABSOLUTE
    System\FreeRTOS\tasks.c                  0x00000000   Number         0  tasks.o ABSOLUTE
    System\FreeRTOS\timers.c                 0x00000000   Number         0  timers.o ABSOLUTE
    System\Libraries\CMSIS\Device\ST\STM32F4xx\Source\Templates\arm\startup_stm32f401xx.s 0x00000000   Number         0  startup_stm32f401xx.o ABSOLUTE
    System\Libraries\CMSIS\Device\ST\STM32F4xx\Source\Templates\system_stm32f4xx.c 0x00000000   Number         0  system_stm32f4xx.o ABSOLUTE
    System\Libraries\STM32F4xx_StdPeriph_Driver\src\misc.c 0x00000000   Number         0  misc.o ABSOLUTE
    System\Libraries\STM32F4xx_StdPeriph_Driver\src\stm32f4xx_adc.c 0x00000000   Number         0  stm32f4xx_adc.o ABSOLUTE
    System\Libraries\STM32F4xx_StdPeriph_Driver\src\stm32f4xx_dma.c 0x00000000   Number         0  stm32f4xx_dma.o ABSOLUTE
    System\Libraries\STM32F4xx_StdPeriph_Driver\src\stm32f4xx_exti.c 0x00000000   Number         0  stm32f4xx_exti.o ABSOLUTE
    System\Libraries\STM32F4xx_StdPeriph_Driver\src\stm32f4xx_gpio.c 0x00000000   Number         0  stm32f4xx_gpio.o ABSOLUTE
    System\Libraries\STM32F4xx_StdPeriph_Driver\src\stm32f4xx_rcc.c 0x00000000   Number         0  stm32f4xx_rcc.o ABSOLUTE
    System\Libraries\STM32F4xx_StdPeriph_Driver\src\stm32f4xx_syscfg.c 0x00000000   Number         0  stm32f4xx_syscfg.o ABSOLUTE
    System\Libraries\STM32F4xx_StdPeriph_Driver\src\stm32f4xx_tim.c 0x00000000   Number         0  stm32f4xx_tim.o ABSOLUTE
    System\Libraries\STM32F4xx_StdPeriph_Driver\src\stm32f4xx_usart.c 0x00000000   Number         0  stm32f4xx_usart.o ABSOLUTE
    System\STM32F4BSP\DISCO_ADC.c            0x00000000   Number         0  disco_adc.o ABSOLUTE
    System\STM32F4BSP\DISCO_USART.c          0x00000000   Number         0  disco_usart.o ABSOLUTE
    System\STM32F4BSP\Disco_Button.c         0x00000000   Number         0  disco_button.o ABSOLUTE
    System\STM32F4BSP\Disco_Clock.c          0x00000000   Number         0  disco_clock.o ABSOLUTE
    System\STM32F4BSP\Disco_LED.c            0x00000000   Number         0  disco_led.o ABSOLUTE
    System\\FreeRTOS\\portable\\RVDS\\ARM_CM4F\\port.c 0x00000000   Number         0  port.o ABSOLUTE
    System\\Libraries\\CMSIS\\Device\\ST\\STM32F4xx\\Source\\Templates\\system_stm32f4xx.c 0x00000000   Number         0  system_stm32f4xx.o ABSOLUTE
    System\\Libraries\\STM32F4xx_StdPeriph_Driver\\src\\misc.c 0x00000000   Number         0  misc.o ABSOLUTE
    System\\Libraries\\STM32F4xx_StdPeriph_Driver\\src\\stm32f4xx_adc.c 0x00000000   Number         0  stm32f4xx_adc.o ABSOLUTE
    System\\Libraries\\STM32F4xx_StdPeriph_Driver\\src\\stm32f4xx_dma.c 0x00000000   Number         0  stm32f4xx_dma.o ABSOLUTE
    System\\Libraries\\STM32F4xx_StdPeriph_Driver\\src\\stm32f4xx_exti.c 0x00000000   Number         0  stm32f4xx_exti.o ABSOLUTE
    System\\Libraries\\STM32F4xx_StdPeriph_Driver\\src\\stm32f4xx_gpio.c 0x00000000   Number         0  stm32f4xx_gpio.o ABSOLUTE
    System\\Libraries\\STM32F4xx_StdPeriph_Driver\\src\\stm32f4xx_rcc.c 0x00000000   Number         0  stm32f4xx_rcc.o ABSOLUTE
    System\\Libraries\\STM32F4xx_StdPeriph_Driver\\src\\stm32f4xx_syscfg.c 0x00000000   Number         0  stm32f4xx_syscfg.o ABSOLUTE
    System\\Libraries\\STM32F4xx_StdPeriph_Driver\\src\\stm32f4xx_tim.c 0x00000000   Number         0  stm32f4xx_tim.o ABSOLUTE
    System\\Libraries\\STM32F4xx_StdPeriph_Driver\\src\\stm32f4xx_usart.c 0x00000000   Number         0  stm32f4xx_usart.o ABSOLUTE
    System\\STM32F4BSP\\DISCO_ADC.c          0x00000000   Number         0  disco_adc.o ABSOLUTE
    System\\STM32F4BSP\\DISCO_USART.c        0x00000000   Number         0  disco_usart.o ABSOLUTE
    System\\STM32F4BSP\\Disco_Button.c       0x00000000   Number         0  disco_button.o ABSOLUTE
    System\\STM32F4BSP\\Disco_Clock.c        0x00000000   Number         0  disco_clock.o ABSOLUTE
    System\\STM32F4BSP\\Disco_LED.c          0x00000000   Number         0  disco_led.o ABSOLUTE
    Users\\main.c                            0x00000000   Number         0  main.o ABSOLUTE
    Users\main.c                             0x00000000   Number         0  main.o ABSOLUTE
    cdrcmple.s                               0x00000000   Number         0  cdrcmple.o ABSOLUTE
    dc.s                                     0x00000000   Number         0  dc.o ABSOLUTE
    handlers.s                               0x00000000   Number         0  handlers.o ABSOLUTE
    init.s                                   0x00000000   Number         0  init.o ABSOLUTE
    RESET                                    0x08000000   Section      404  startup_stm32f401xx.o(RESET)
    .ARM.Collect$$$$00000000                 0x08000194   Section        0  entry.o(.ARM.Collect$$$$00000000)
    .ARM.Collect$$$$00000001                 0x08000194   Section        4  entry2.o(.ARM.Collect$$$$00000001)
    .ARM.Collect$$$$00000004                 0x08000198   Section        4  entry5.o(.ARM.Collect$$$$00000004)
    .ARM.Collect$$$$00000008                 0x0800019c   Section        0  entry7b.o(.ARM.Collect$$$$00000008)
    .ARM.Collect$$$$0000000A                 0x0800019c   Section        0  entry8b.o(.ARM.Collect$$$$0000000A)
    .ARM.Collect$$$$0000000B                 0x0800019c   Section        8  entry9a.o(.ARM.Collect$$$$0000000B)
    .ARM.Collect$$$$0000000D                 0x080001a4   Section        0  entry10a.o(.ARM.Collect$$$$0000000D)
    .ARM.Collect$$$$0000000F                 0x080001a4   Section        0  entry11a.o(.ARM.Collect$$$$0000000F)
    .ARM.Collect$$$$00002712                 0x080001a4   Section        4  entry2.o(.ARM.Collect$$$$00002712)
    __lit__00000000                          0x080001a4   Data           4  entry2.o(.ARM.Collect$$$$00002712)
    .emb_text                                0x080001a8   Section      198  port.o(.emb_text)
    $v0                                      0x080001a8   Number         0  port.o(.emb_text)
    .text                                    0x08000270   Section        0  main.o(.text)
    .text                                    0x08000434   Section        0  tasks.o(.text)
    prvIdleTask                              0x08000c17   Thumb Code    92  tasks.o(.text)
    prvListTaskWithinSingleList              0x08000cf7   Thumb Code   202  tasks.o(.text)
    .text                                    0x080011ec   Section        0  queue.o(.text)
    .text                                    0x08001c0c   Section        0  list.o(.text)
    .text                                    0x08001ca0   Section        0  heap_2.o(.text)
    .text                                    0x08001da8   Section        0  port.o(.text)
    prvTaskExitError                         0x08001da9   Thumb Code    22  port.o(.text)
    .text                                    0x08001f84   Section        0  disco_button.o(.text)
    .text                                    0x08002014   Section        0  disco_clock.o(.text)
    .text                                    0x08002098   Section        0  disco_led.o(.text)
    .text                                    0x0800220c   Section        0  disco_usart.o(.text)
    .text                                    0x08002320   Section        0  misc.o(.text)
    .text                                    0x080023dc   Section        0  stm32f4xx_exti.o(.text)
    .text                                    0x080024d4   Section        0  stm32f4xx_gpio.o(.text)
    .text                                    0x08002724   Section        0  stm32f4xx_rcc.o(.text)
    .text                                    0x08002b90   Section        0  stm32f4xx_syscfg.o(.text)
    .text                                    0x08002c10   Section        0  stm32f4xx_usart.o(.text)
    .text                                    0x08002fbc   Section        0  system_stm32f4xx.o(.text)
    .text                                    0x0800313c   Section       36  startup_stm32f401xx.o(.text)
    $v0                                      0x0800313c   Number         0  startup_stm32f401xx.o(.text)
    .text                                    0x08003160   Section        0  memcpya.o(.text)
    .text                                    0x08003184   Section        0  memseta.o(.text)
    .text                                    0x080031a8   Section       36  init.o(.text)
    i.__0printf$2                            0x080031cc   Section        0  printf2.o(i.__0printf$2)
    i.__scatterload_copy                     0x080031ec   Section       14  handlers.o(i.__scatterload_copy)
    i.__scatterload_null                     0x080031fa   Section        2  handlers.o(i.__scatterload_null)
    i.__scatterload_zeroinit                 0x080031fc   Section       14  handlers.o(i.__scatterload_zeroinit)
    i._printf_core                           0x0800320a   Section        0  printf2.o(i._printf_core)
    _printf_core                             0x0800320b   Thumb Code   214  printf2.o(i._printf_core)
    .data                                    0x20000000   Section       24  main.o(.data)
    Data                                     0x20000000   Data           2  main.o(.data)
    xHigherPriorityTaskWoken                 0x20000004   Data           4  main.o(.data)
    xHigherPriorityTaskWoken                 0x20000008   Data           4  main.o(.data)
    .data                                    0x20000018   Section       56  tasks.o(.data)
    uxTasksDeleted                           0x2000001c   Data           4  tasks.o(.data)
    uxCurrentNumberOfTasks                   0x20000020   Data           4  tasks.o(.data)
    xTickCount                               0x20000024   Data           4  tasks.o(.data)
    uxTopReadyPriority                       0x20000028   Data           4  tasks.o(.data)
    xSchedulerRunning                        0x2000002c   Data           4  tasks.o(.data)
    uxPendedTicks                            0x20000030   Data           4  tasks.o(.data)
    xYieldPending                            0x20000034   Data           4  tasks.o(.data)
    xNumOfOverflows                          0x20000038   Data           4  tasks.o(.data)
    uxTaskNumber                             0x2000003c   Data           4  tasks.o(.data)
    xNextTaskUnblockTime                     0x20000040   Data           4  tasks.o(.data)
    uxSchedulerSuspended                     0x20000044   Data           4  tasks.o(.data)
    pxDelayedTaskList                        0x20000048   Data           4  tasks.o(.data)
    pxOverflowDelayedTaskList                0x2000004c   Data           4  tasks.o(.data)
    .data                                    0x20000050   Section       24  heap_2.o(.data)
    xFreeBytesRemaining                      0x20000050   Data           4  heap_2.o(.data)
    xHeapHasBeenInitialised                  0x20000054   Data           4  heap_2.o(.data)
    xStart                                   0x20000058   Data           8  heap_2.o(.data)
    xEnd                                     0x20000060   Data           8  heap_2.o(.data)
    .data                                    0x20000068   Section       12  port.o(.data)
    ucMaxSysCallPriority                     0x20000068   Data           1  port.o(.data)
    uxCriticalNesting                        0x2000006c   Data           4  port.o(.data)
    ulMaxPRIGROUPValue                       0x20000070   Data           4  port.o(.data)
    .data                                    0x20000074   Section        1  disco_led.o(.data)
    mod                                      0x20000074   Data           1  disco_led.o(.data)
    .data                                    0x20000075   Section       16  stm32f4xx_rcc.o(.data)
    APBAHBPrescTable                         0x20000075   Data          16  stm32f4xx_rcc.o(.data)
    .data                                    0x20000088   Section       20  system_stm32f4xx.o(.data)
    .data                                    0x2000009c   Section        4  stdout.o(.data)
    .bss                                     0x200000a0   Section      240  tasks.o(.bss)
    pxReadyTasksLists                        0x200000a0   Data         140  tasks.o(.bss)
    xDelayedTaskList1                        0x2000012c   Data          20  tasks.o(.bss)
    xDelayedTaskList2                        0x20000140   Data          20  tasks.o(.bss)
    xPendingReadyList                        0x20000154   Data          20  tasks.o(.bss)
    xTasksWaitingTermination                 0x20000168   Data          20  tasks.o(.bss)
    xSuspendedTaskList                       0x2000017c   Data          20  tasks.o(.bss)
    .bss                                     0x20000190   Section       64  queue.o(.bss)
    .bss                                     0x200001d0   Section    15360  heap_2.o(.bss)
    ucHeap                                   0x200001d0   Data       15360  heap_2.o(.bss)
    STACK                                    0x20003dd0   Section     1024  startup_stm32f401xx.o(STACK)

    Global Symbols

    Symbol Name                              Value     Ov Type        Size  Object(Section)

    BuildAttributes$$THM_ISAv4$E$P$D$K$B$S$7EM$VFPi3$EXTD16$VFPS$VFMA$PE$A:L22UL41UL21$X:L11$S22US41US21$IEEE1$IW$USESV6$~STKCKD$USESV7$~SHL$OTIME$ROPI$EBA8$MICROLIB$REQ8$PRES8$EABIv2 0x00000000   Number         0  anon$$obj.o ABSOLUTE
    __ARM_use_no_argv                        0x00000000   Number         0  main.o ABSOLUTE
    _printf_a                                0x00000000   Number         0  stubs.o ABSOLUTE
    _printf_c                                0x00000000   Number         0  stubs.o ABSOLUTE
    _printf_charcount                        0x00000000   Number         0  stubs.o ABSOLUTE
    _printf_d                                0x00000000   Number         0  stubs.o ABSOLUTE
    _printf_e                                0x00000000   Number         0  stubs.o ABSOLUTE
    _printf_f                                0x00000000   Number         0  stubs.o ABSOLUTE
    _printf_flags                            0x00000000   Number         0  stubs.o ABSOLUTE
    _printf_fp_dec                           0x00000000   Number         0  stubs.o ABSOLUTE
    _printf_fp_hex                           0x00000000   Number         0  stubs.o ABSOLUTE
    _printf_g                                0x00000000   Number         0  stubs.o ABSOLUTE
    _printf_i                                0x00000000   Number         0  stubs.o ABSOLUTE
    _printf_int_dec                          0x00000000   Number         0  stubs.o ABSOLUTE
    _printf_l                                0x00000000   Number         0  stubs.o ABSOLUTE
    _printf_lc                               0x00000000   Number         0  stubs.o ABSOLUTE
    _printf_ll                               0x00000000   Number         0  stubs.o ABSOLUTE
    _printf_lld                              0x00000000   Number         0  stubs.o ABSOLUTE
    _printf_lli                              0x00000000   Number         0  stubs.o ABSOLUTE
    _printf_llo                              0x00000000   Number         0  stubs.o ABSOLUTE
    _printf_llu                              0x00000000   Number         0  stubs.o ABSOLUTE
    _printf_llx                              0x00000000   Number         0  stubs.o ABSOLUTE
    _printf_longlong_dec                     0x00000000   Number         0  stubs.o ABSOLUTE
    _printf_longlong_hex                     0x00000000   Number         0  stubs.o ABSOLUTE
    _printf_longlong_oct                     0x00000000   Number         0  stubs.o ABSOLUTE
    _printf_ls                               0x00000000   Number         0  stubs.o ABSOLUTE
    _printf_mbtowc                           0x00000000   Number         0  stubs.o ABSOLUTE
    _printf_n                                0x00000000   Number         0  stubs.o ABSOLUTE
    _printf_o                                0x00000000   Number         0  stubs.o ABSOLUTE
    _printf_p                                0x00000000   Number         0  stubs.o ABSOLUTE
    _printf_percent                          0x00000000   Number         0  stubs.o ABSOLUTE
    _printf_pre_padding                      0x00000000   Number         0  stubs.o ABSOLUTE
    _printf_return_value                     0x00000000   Number         0  stubs.o ABSOLUTE
    _printf_s                                0x00000000   Number         0  stubs.o ABSOLUTE
    _printf_sizespec                         0x00000000   Number         0  stubs.o ABSOLUTE
    _printf_str                              0x00000000   Number         0  stubs.o ABSOLUTE
    _printf_truncate_signed                  0x00000000   Number         0  stubs.o ABSOLUTE
    _printf_truncate_unsigned                0x00000000   Number         0  stubs.o ABSOLUTE
    _printf_u                                0x00000000   Number         0  stubs.o ABSOLUTE
    _printf_wc                               0x00000000   Number         0  stubs.o ABSOLUTE
    _printf_wctomb                           0x00000000   Number         0  stubs.o ABSOLUTE
    _printf_widthprec                        0x00000000   Number         0  stubs.o ABSOLUTE
    _printf_x                                0x00000000   Number         0  stubs.o ABSOLUTE
    __cpp_initialize__aeabi_                  - Undefined Weak Reference
    __cxa_finalize                            - Undefined Weak Reference
    __decompress                              - Undefined Weak Reference
    _clock_init                               - Undefined Weak Reference
    _microlib_exit                            - Undefined Weak Reference
    __Vectors_Size                           0x00000194   Number         0  startup_stm32f401xx.o ABSOLUTE
    __Vectors                                0x08000000   Data           4  startup_stm32f401xx.o(RESET)
    __Vectors_End                            0x08000194   Data           0  startup_stm32f401xx.o(RESET)
    __main                                   0x08000195   Thumb Code     0  entry.o(.ARM.Collect$$$$00000000)
    _main_stk                                0x08000195   Thumb Code     0  entry2.o(.ARM.Collect$$$$00000001)
    _main_scatterload                        0x08000199   Thumb Code     0  entry5.o(.ARM.Collect$$$$00000004)
    __main_after_scatterload                 0x0800019d   Thumb Code     0  entry5.o(.ARM.Collect$$$$00000004)
    _main_clock                              0x0800019d   Thumb Code     0  entry7b.o(.ARM.Collect$$$$00000008)
    _main_cpp_init                           0x0800019d   Thumb Code     0  entry8b.o(.ARM.Collect$$$$0000000A)
    _main_init                               0x0800019d   Thumb Code     0  entry9a.o(.ARM.Collect$$$$0000000B)
    __rt_final_cpp                           0x080001a5   Thumb Code     0  entry10a.o(.ARM.Collect$$$$0000000D)
    __rt_final_exit                          0x080001a5   Thumb Code     0  entry11a.o(.ARM.Collect$$$$0000000F)
    SVC_Handler                              0x080001a9   Thumb Code    28  port.o(.emb_text)
    __asm___6_port_c_39a90d8d__prvStartFirstTask 0x080001c9   Thumb Code    28  port.o(.emb_text)
    __asm___6_port_c_39a90d8d__prvEnableVFP  0x080001e9   Thumb Code    16  port.o(.emb_text)
    PendSV_Handler                           0x080001fd   Thumb Code    84  port.o(.emb_text)
    ulPortSetInterruptMask                   0x08000255   Thumb Code    14  port.o(.emb_text)
    vPortClearInterruptMask                  0x08000263   Thumb Code     6  port.o(.emb_text)
    vPortGetIPSR                             0x08000269   Thumb Code     6  port.o(.emb_text)
    USART_TASK                               0x08000271   Thumb Code    62  main.o(.text)
    LED3_TASK                                0x080002af   Thumb Code    22  main.o(.text)
    LED2_TASK                                0x080002c5   Thumb Code    14  main.o(.text)
    LED1_TASK                                0x080002d3   Thumb Code    14  main.o(.text)
    main                                     0x080002e1   Thumb Code   166  main.o(.text)
    USART1_IRQHandler                        0x08000387   Thumb Code    74  main.o(.text)
    EXTI0_IRQHandler                         0x080003d1   Thumb Code    50  main.o(.text)
    xTaskGenericCreate                       0x08000435   Thumb Code   368  tasks.o(.text)
    vTaskDelete                              0x080005a5   Thumb Code   158  tasks.o(.text)
    xTaskIncrementTick                       0x08000643   Thumb Code   218  tasks.o(.text)
    xTaskResumeAll                           0x0800071d   Thumb Code   382  tasks.o(.text)
    vTaskSuspendAll                          0x0800089b   Thumb Code    10  tasks.o(.text)
    vTaskDelay                               0x080008a5   Thumb Code   146  tasks.o(.text)
    uxTaskPriorityGet                        0x08000937   Thumb Code    26  tasks.o(.text)
    vTaskPrioritySet                         0x08000951   Thumb Code   172  tasks.o(.text)
    vTaskSwitchContext                       0x080009fd   Thumb Code    76  tasks.o(.text)
    vTaskSuspend                             0x08000a49   Thumb Code   240  tasks.o(.text)
    vTaskResume                              0x08000b39   Thumb Code   102  tasks.o(.text)
    xTaskResumeFromISR                       0x08000b9f   Thumb Code   120  tasks.o(.text)
    vTaskStartScheduler                      0x08000c73   Thumb Code    66  tasks.o(.text)
    vTaskEndScheduler                        0x08000cb5   Thumb Code    20  tasks.o(.text)
    xTaskGetTickCount                        0x08000cc9   Thumb Code    18  tasks.o(.text)
    xTaskGetTickCountFromISR                 0x08000cdb   Thumb Code    22  tasks.o(.text)
    uxTaskGetNumberOfTasks                   0x08000cf1   Thumb Code     6  tasks.o(.text)
    uxTaskGetSystemState                     0x08000dc1   Thumb Code   144  tasks.o(.text)
    vTaskPlaceOnEventList                    0x08000e51   Thumb Code   120  tasks.o(.text)
    vTaskPlaceOnUnorderedEventList           0x08000ec9   Thumb Code   138  tasks.o(.text)
    xTaskRemoveFromEventList                 0x08000f53   Thumb Code    94  tasks.o(.text)
    xTaskRemoveFromUnorderedEventList        0x08000fb1   Thumb Code    88  tasks.o(.text)
    vTaskSetTimeOutState                     0x08001009   Thumb Code    22  tasks.o(.text)
    xTaskCheckForTimeOut                     0x0800101f   Thumb Code    92  tasks.o(.text)
    vTaskMissedYield                         0x0800107b   Thumb Code     8  tasks.o(.text)
    uxTaskGetTaskNumber                      0x08001083   Thumb Code     8  tasks.o(.text)
    vTaskSetTaskNumber                       0x0800108b   Thumb Code     8  tasks.o(.text)
    xTaskGetCurrentTaskHandle                0x08001093   Thumb Code     6  tasks.o(.text)
    xTaskGetSchedulerState                   0x08001099   Thumb Code    24  tasks.o(.text)
    vTaskPriorityInherit                     0x080010b1   Thumb Code   132  tasks.o(.text)
    xTaskPriorityDisinherit                  0x08001135   Thumb Code   124  tasks.o(.text)
    uxTaskResetEventItemValue                0x080011b1   Thumb Code    20  tasks.o(.text)
    pvTaskIncrementMutexHeldCount            0x080011c5   Thumb Code    18  tasks.o(.text)
    xQueueGenericReset                       0x080011ed   Thumb Code   106  queue.o(.text)
    xQueueGenericCreate                      0x08001257   Thumb Code   122  queue.o(.text)
    xQueueGenericSend                        0x080012d1   Thumb Code   670  queue.o(.text)
    xQueueCreateMutex                        0x0800156f   Thumb Code    80  queue.o(.text)
    xQueueGiveMutexRecursive                 0x080015bf   Thumb Code    52  queue.o(.text)
    xQueueGenericReceive                     0x080015f3   Thumb Code   612  queue.o(.text)
    xQueueTakeMutexRecursive                 0x08001857   Thumb Code    60  queue.o(.text)
    xQueueCreateCountingSemaphore            0x08001893   Thumb Code   138  queue.o(.text)
    xQueueGenericSendFromISR                 0x0800191d   Thumb Code   248  queue.o(.text)
    xQueueReceiveFromISR                     0x08001a15   Thumb Code   140  queue.o(.text)
    xQueuePeekFromISR                        0x08001aa1   Thumb Code    94  queue.o(.text)
    uxQueueMessagesWaiting                   0x08001aff   Thumb Code    26  queue.o(.text)
    uxQueueSpacesAvailable                   0x08001b19   Thumb Code    30  queue.o(.text)
    uxQueueMessagesWaitingFromISR            0x08001b37   Thumb Code    16  queue.o(.text)
    vQueueUnregisterQueue                    0x08001b47   Thumb Code    32  queue.o(.text)
    vQueueDelete                             0x08001b67   Thumb Code    64  queue.o(.text)
    uxQueueGetQueueNumber                    0x08001ba7   Thumb Code     4  queue.o(.text)
    vQueueSetQueueNumber                     0x08001bab   Thumb Code     4  queue.o(.text)
    ucQueueGetQueueType                      0x08001baf   Thumb Code     6  queue.o(.text)
    xQueueIsQueueEmptyFromISR                0x08001bb5   Thumb Code    22  queue.o(.text)
    xQueueIsQueueFullFromISR                 0x08001bcb   Thumb Code    24  queue.o(.text)
    vQueueAddToRegistry                      0x08001be3   Thumb Code    36  queue.o(.text)
    vListInitialise                          0x08001c0d   Thumb Code    22  list.o(.text)
    vListInitialiseItem                      0x08001c23   Thumb Code     6  list.o(.text)
    vListInsertEnd                           0x08001c29   Thumb Code    24  list.o(.text)
    vListInsert                              0x08001c41   Thumb Code    58  list.o(.text)
    uxListRemove                             0x08001c7b   Thumb Code    36  list.o(.text)
    pvPortMalloc                             0x08001ca1   Thumb Code   190  heap_2.o(.text)
    vPortFree                                0x08001d5f   Thumb Code    54  heap_2.o(.text)
    xPortGetFreeHeapSize                     0x08001d95   Thumb Code     6  heap_2.o(.text)
    vPortInitialiseBlocks                    0x08001d9b   Thumb Code     2  heap_2.o(.text)
    pxPortInitialiseStack                    0x08001dbf   Thumb Code    34  port.o(.text)
    vPortSetupTimerInterrupt                 0x08001de1   Thumb Code    26  port.o(.text)
    xPortStartScheduler                      0x08001dfb   Thumb Code   162  port.o(.text)
    vPortEndScheduler                        0x08001e9d   Thumb Code    20  port.o(.text)
    vPortYield                               0x08001eb1   Thumb Code    18  port.o(.text)
    vPortEnterCritical                       0x08001ec3   Thumb Code    46  port.o(.text)
    vPortExitCritical                        0x08001ef1   Thumb Code    32  port.o(.text)
    SysTick_Handler                          0x08001f11   Thumb Code    30  port.o(.text)
    vPortValidateInterruptPriority           0x08001f2f   Thumb Code    54  port.o(.text)
    Disco_Button_Init                        0x08001f85   Thumb Code   120  disco_button.o(.text)
    Disco_Button_Get_Status                  0x08001ffd   Thumb Code    18  disco_button.o(.text)
    Disco_Clock_Init                         0x08002015   Thumb Code   124  disco_clock.o(.text)
    Disco_Led_Init                           0x08002099   Thumb Code    94  disco_led.o(.text)
    Disco_Led_On                             0x080020f7   Thumb Code    60  disco_led.o(.text)
    Disco_Led_Off                            0x08002133   Thumb Code    60  disco_led.o(.text)
    Disco_Led_Toggle                         0x0800216f   Thumb Code   148  disco_led.o(.text)
    DISCO_USART_Init                         0x0800220d   Thumb Code   194  disco_usart.o(.text)
    USART_puts                               0x080022cf   Thumb Code    42  disco_usart.o(.text)
    fputc                                    0x080022f9   Thumb Code    30  disco_usart.o(.text)
    NVIC_PriorityGroupConfig                 0x08002321   Thumb Code    14  misc.o(.text)
    NVIC_Init                                0x0800232f   Thumb Code   106  misc.o(.text)
    NVIC_SetVectorTable                      0x08002399   Thumb Code    16  misc.o(.text)
    NVIC_SystemLPConfig                      0x080023a9   Thumb Code    18  misc.o(.text)
    SysTick_CLKSourceConfig                  0x080023bb   Thumb Code    22  misc.o(.text)
    EXTI_DeInit                              0x080023dd   Thumb Code    26  stm32f4xx_exti.o(.text)
    EXTI_Init                                0x080023f7   Thumb Code   134  stm32f4xx_exti.o(.text)
    EXTI_StructInit                          0x0800247d   Thumb Code    14  stm32f4xx_exti.o(.text)
    EXTI_GenerateSWInterrupt                 0x0800248b   Thumb Code    10  stm32f4xx_exti.o(.text)
    EXTI_GetFlagStatus                       0x08002495   Thumb Code    16  stm32f4xx_exti.o(.text)
    EXTI_ClearFlag                           0x080024a5   Thumb Code     6  stm32f4xx_exti.o(.text)
    EXTI_GetITStatus                         0x080024ab   Thumb Code    16  stm32f4xx_exti.o(.text)
    EXTI_ClearITPendingBit                   0x080024bb   Thumb Code     6  stm32f4xx_exti.o(.text)
    GPIO_DeInit                              0x080024d5   Thumb Code   300  stm32f4xx_gpio.o(.text)
    GPIO_Init                                0x08002601   Thumb Code   144  stm32f4xx_gpio.o(.text)
    GPIO_StructInit                          0x08002691   Thumb Code    18  stm32f4xx_gpio.o(.text)
    GPIO_PinLockConfig                       0x080026a3   Thumb Code    26  stm32f4xx_gpio.o(.text)
    GPIO_ReadInputDataBit                    0x080026bd   Thumb Code    14  stm32f4xx_gpio.o(.text)
    GPIO_ReadInputData                       0x080026cb   Thumb Code     6  stm32f4xx_gpio.o(.text)
    GPIO_ReadOutputDataBit                   0x080026d1   Thumb Code    14  stm32f4xx_gpio.o(.text)
    GPIO_ReadOutputData                      0x080026df   Thumb Code     6  stm32f4xx_gpio.o(.text)
    GPIO_SetBits                             0x080026e5   Thumb Code     4  stm32f4xx_gpio.o(.text)
    GPIO_ResetBits                           0x080026e9   Thumb Code     4  stm32f4xx_gpio.o(.text)
    GPIO_WriteBit                            0x080026ed   Thumb Code    10  stm32f4xx_gpio.o(.text)
    GPIO_Write                               0x080026f7   Thumb Code     4  stm32f4xx_gpio.o(.text)
    GPIO_ToggleBits                          0x080026fb   Thumb Code     8  stm32f4xx_gpio.o(.text)
    GPIO_PinAFConfig                         0x08002703   Thumb Code    34  stm32f4xx_gpio.o(.text)
    RCC_DeInit                               0x08002725   Thumb Code    64  stm32f4xx_rcc.o(.text)
    RCC_HSEConfig                            0x08002765   Thumb Code    10  stm32f4xx_rcc.o(.text)
    RCC_GetFlagStatus                        0x0800276f   Thumb Code    44  stm32f4xx_rcc.o(.text)
    RCC_WaitForHSEStartUp                    0x0800279b   Thumb Code    50  stm32f4xx_rcc.o(.text)
    RCC_AdjustHSICalibrationValue            0x080027cd   Thumb Code    16  stm32f4xx_rcc.o(.text)
    RCC_HSICmd                               0x080027dd   Thumb Code     6  stm32f4xx_rcc.o(.text)
    RCC_LSEConfig                            0x080027e3   Thumb Code    24  stm32f4xx_rcc.o(.text)
    RCC_LSICmd                               0x080027fb   Thumb Code     6  stm32f4xx_rcc.o(.text)
    RCC_PLLConfig                            0x08002801   Thumb Code    30  stm32f4xx_rcc.o(.text)
    RCC_PLLCmd                               0x0800281f   Thumb Code     6  stm32f4xx_rcc.o(.text)
    RCC_PLLI2SConfig                         0x08002825   Thumb Code    12  stm32f4xx_rcc.o(.text)
    RCC_PLLI2SCmd                            0x08002831   Thumb Code     6  stm32f4xx_rcc.o(.text)
    RCC_PLLSAIConfig                         0x08002837   Thumb Code    16  stm32f4xx_rcc.o(.text)
    RCC_PLLSAICmd                            0x08002847   Thumb Code     6  stm32f4xx_rcc.o(.text)
    RCC_ClockSecuritySystemCmd               0x0800284d   Thumb Code     6  stm32f4xx_rcc.o(.text)
    RCC_MCO1Config                           0x08002853   Thumb Code    16  stm32f4xx_rcc.o(.text)
    RCC_MCO2Config                           0x08002863   Thumb Code    16  stm32f4xx_rcc.o(.text)
    RCC_SYSCLKConfig                         0x08002873   Thumb Code    14  stm32f4xx_rcc.o(.text)
    RCC_GetSYSCLKSource                      0x08002881   Thumb Code    10  stm32f4xx_rcc.o(.text)
    RCC_HCLKConfig                           0x0800288b   Thumb Code    14  stm32f4xx_rcc.o(.text)
    RCC_PCLK1Config                          0x08002899   Thumb Code    14  stm32f4xx_rcc.o(.text)
    RCC_PCLK2Config                          0x080028a7   Thumb Code    16  stm32f4xx_rcc.o(.text)
    RCC_GetClocksFreq                        0x080028b7   Thumb Code   150  stm32f4xx_rcc.o(.text)
    RCC_RTCCLKConfig                         0x0800294d   Thumb Code    42  stm32f4xx_rcc.o(.text)
    RCC_RTCCLKCmd                            0x08002977   Thumb Code     6  stm32f4xx_rcc.o(.text)
    RCC_BackupResetCmd                       0x0800297d   Thumb Code     6  stm32f4xx_rcc.o(.text)
    RCC_I2SCLKConfig                         0x08002983   Thumb Code     8  stm32f4xx_rcc.o(.text)
    RCC_SAIBlockACLKConfig                   0x0800298b   Thumb Code    14  stm32f4xx_rcc.o(.text)
    RCC_SAIBlockBCLKConfig                   0x08002999   Thumb Code    14  stm32f4xx_rcc.o(.text)
    RCC_SAIPLLI2SClkDivConfig                0x080029a7   Thumb Code    16  stm32f4xx_rcc.o(.text)
    RCC_SAIPLLSAIClkDivConfig                0x080029b7   Thumb Code    22  stm32f4xx_rcc.o(.text)
    RCC_LTDCCLKDivConfig                     0x080029cd   Thumb Code    14  stm32f4xx_rcc.o(.text)
    RCC_TIMCLKPresConfig                     0x080029db   Thumb Code     8  stm32f4xx_rcc.o(.text)
    RCC_AHB1PeriphClockCmd                   0x080029e3   Thumb Code    18  stm32f4xx_rcc.o(.text)
    RCC_AHB2PeriphClockCmd                   0x080029f5   Thumb Code    18  stm32f4xx_rcc.o(.text)
    RCC_APB1PeriphClockCmd                   0x08002a07   Thumb Code    18  stm32f4xx_rcc.o(.text)
    RCC_APB2PeriphClockCmd                   0x08002a19   Thumb Code    18  stm32f4xx_rcc.o(.text)
    RCC_AHB1PeriphResetCmd                   0x08002a2b   Thumb Code    18  stm32f4xx_rcc.o(.text)
    RCC_AHB2PeriphResetCmd                   0x08002a3d   Thumb Code    18  stm32f4xx_rcc.o(.text)
    RCC_APB1PeriphResetCmd                   0x08002a4f   Thumb Code    18  stm32f4xx_rcc.o(.text)
    RCC_APB2PeriphResetCmd                   0x08002a61   Thumb Code    18  stm32f4xx_rcc.o(.text)
    RCC_AHB1PeriphClockLPModeCmd             0x08002a73   Thumb Code    18  stm32f4xx_rcc.o(.text)
    RCC_AHB2PeriphClockLPModeCmd             0x08002a85   Thumb Code    18  stm32f4xx_rcc.o(.text)
    RCC_APB1PeriphClockLPModeCmd             0x08002a97   Thumb Code    18  stm32f4xx_rcc.o(.text)
    RCC_APB2PeriphClockLPModeCmd             0x08002aa9   Thumb Code    18  stm32f4xx_rcc.o(.text)
    RCC_LSEModeConfig                        0x08002abb   Thumb Code    20  stm32f4xx_rcc.o(.text)
    RCC_ITConfig                             0x08002acf   Thumb Code    18  stm32f4xx_rcc.o(.text)
    RCC_ClearFlag                            0x08002ae1   Thumb Code    12  stm32f4xx_rcc.o(.text)
    RCC_GetITStatus                          0x08002aed   Thumb Code    16  stm32f4xx_rcc.o(.text)
    RCC_ClearITPendingBit                    0x08002afd   Thumb Code   148  stm32f4xx_rcc.o(.text)
    SYSCFG_DeInit                            0x08002b91   Thumb Code    24  stm32f4xx_syscfg.o(.text)
    SYSCFG_MemoryRemapConfig                 0x08002ba9   Thumb Code     6  stm32f4xx_syscfg.o(.text)
    SYSCFG_MemorySwappingBank                0x08002baf   Thumb Code     6  stm32f4xx_syscfg.o(.text)
    SYSCFG_EXTILineConfig                    0x08002bb5   Thumb Code    46  stm32f4xx_syscfg.o(.text)
    SYSCFG_ETH_MediaInterfaceConfig          0x08002be3   Thumb Code     8  stm32f4xx_syscfg.o(.text)
    SYSCFG_CompensationCellCmd               0x08002beb   Thumb Code     6  stm32f4xx_syscfg.o(.text)
    SYSCFG_GetCompensationCellStatus         0x08002bf1   Thumb Code    16  stm32f4xx_syscfg.o(.text)
    USART_DeInit                             0x08002c11   Thumb Code   228  stm32f4xx_usart.o(.text)
    USART_Init                               0x08002cf5   Thumb Code   180  stm32f4xx_usart.o(.text)
    USART_StructInit                         0x08002da9   Thumb Code    22  stm32f4xx_usart.o(.text)
    USART_ClockInit                          0x08002dbf   Thumb Code    34  stm32f4xx_usart.o(.text)
    USART_ClockStructInit                    0x08002de1   Thumb Code    12  stm32f4xx_usart.o(.text)
    USART_Cmd                                0x08002ded   Thumb Code    18  stm32f4xx_usart.o(.text)
    USART_SetPrescaler                       0x08002dff   Thumb Code    16  stm32f4xx_usart.o(.text)
    USART_OverSampling8Cmd                   0x08002e0f   Thumb Code    18  stm32f4xx_usart.o(.text)
    USART_OneBitMethodCmd                    0x08002e21   Thumb Code    18  stm32f4xx_usart.o(.text)
    USART_SendData                           0x08002e33   Thumb Code     8  stm32f4xx_usart.o(.text)
    USART_ReceiveData                        0x08002e3b   Thumb Code     8  stm32f4xx_usart.o(.text)
    USART_SetAddress                         0x08002e43   Thumb Code    16  stm32f4xx_usart.o(.text)
    USART_ReceiverWakeUpCmd                  0x08002e53   Thumb Code    18  stm32f4xx_usart.o(.text)
    USART_WakeUpConfig                       0x08002e65   Thumb Code    16  stm32f4xx_usart.o(.text)
    USART_LINBreakDetectLengthConfig         0x08002e75   Thumb Code    16  stm32f4xx_usart.o(.text)
    USART_LINCmd                             0x08002e85   Thumb Code    18  stm32f4xx_usart.o(.text)
    USART_SendBreak                          0x08002e97   Thumb Code    10  stm32f4xx_usart.o(.text)
    USART_HalfDuplexCmd                      0x08002ea1   Thumb Code    18  stm32f4xx_usart.o(.text)
    USART_SetGuardTime                       0x08002eb3   Thumb Code    16  stm32f4xx_usart.o(.text)
    USART_SmartCardCmd                       0x08002ec3   Thumb Code    18  stm32f4xx_usart.o(.text)
    USART_SmartCardNACKCmd                   0x08002ed5   Thumb Code    18  stm32f4xx_usart.o(.text)
    USART_IrDAConfig                         0x08002ee7   Thumb Code    16  stm32f4xx_usart.o(.text)
    USART_IrDACmd                            0x08002ef7   Thumb Code    18  stm32f4xx_usart.o(.text)
    USART_DMACmd                             0x08002f09   Thumb Code    16  stm32f4xx_usart.o(.text)
    USART_ITConfig                           0x08002f19   Thumb Code    48  stm32f4xx_usart.o(.text)
    USART_GetFlagStatus                      0x08002f49   Thumb Code    14  stm32f4xx_usart.o(.text)
    USART_ClearFlag                          0x08002f57   Thumb Code     6  stm32f4xx_usart.o(.text)
    USART_GetITStatus                        0x08002f5d   Thumb Code    76  stm32f4xx_usart.o(.text)
    USART_ClearITPendingBit                  0x08002fa9   Thumb Code    14  stm32f4xx_usart.o(.text)
    SystemInit                               0x08002fbd   Thumb Code   220  system_stm32f4xx.o(.text)
    SystemCoreClockUpdate                    0x08003099   Thumb Code   112  system_stm32f4xx.o(.text)
    Reset_Handler                            0x0800313d   Thumb Code     8  startup_stm32f401xx.o(.text)
    NMI_Handler                              0x08003145   Thumb Code     2  startup_stm32f401xx.o(.text)
    HardFault_Handler                        0x08003147   Thumb Code     2  startup_stm32f401xx.o(.text)
    MemManage_Handler                        0x08003149   Thumb Code     2  startup_stm32f401xx.o(.text)
    BusFault_Handler                         0x0800314b   Thumb Code     2  startup_stm32f401xx.o(.text)
    UsageFault_Handler                       0x0800314d   Thumb Code     2  startup_stm32f401xx.o(.text)
    DebugMon_Handler                         0x08003151   Thumb Code     2  startup_stm32f401xx.o(.text)
    ADC_IRQHandler                           0x08003157   Thumb Code     0  startup_stm32f401xx.o(.text)
    DMA1_Stream0_IRQHandler                  0x08003157   Thumb Code     0  startup_stm32f401xx.o(.text)
    DMA1_Stream1_IRQHandler                  0x08003157   Thumb Code     0  startup_stm32f401xx.o(.text)
    DMA1_Stream2_IRQHandler                  0x08003157   Thumb Code     0  startup_stm32f401xx.o(.text)
    DMA1_Stream3_IRQHandler                  0x08003157   Thumb Code     0  startup_stm32f401xx.o(.text)
    DMA1_Stream4_IRQHandler                  0x08003157   Thumb Code     0  startup_stm32f401xx.o(.text)
    DMA1_Stream5_IRQHandler                  0x08003157   Thumb Code     0  startup_stm32f401xx.o(.text)
    DMA1_Stream6_IRQHandler                  0x08003157   Thumb Code     0  startup_stm32f401xx.o(.text)
    DMA1_Stream7_IRQHandler                  0x08003157   Thumb Code     0  startup_stm32f401xx.o(.text)
    DMA2_Stream0_IRQHandler                  0x08003157   Thumb Code     0  startup_stm32f401xx.o(.text)
    DMA2_Stream1_IRQHandler                  0x08003157   Thumb Code     0  startup_stm32f401xx.o(.text)
    DMA2_Stream2_IRQHandler                  0x08003157   Thumb Code     0  startup_stm32f401xx.o(.text)
    DMA2_Stream3_IRQHandler                  0x08003157   Thumb Code     0  startup_stm32f401xx.o(.text)
    DMA2_Stream4_IRQHandler                  0x08003157   Thumb Code     0  startup_stm32f401xx.o(.text)
    DMA2_Stream5_IRQHandler                  0x08003157   Thumb Code     0  startup_stm32f401xx.o(.text)
    DMA2_Stream6_IRQHandler                  0x08003157   Thumb Code     0  startup_stm32f401xx.o(.text)
    DMA2_Stream7_IRQHandler                  0x08003157   Thumb Code     0  startup_stm32f401xx.o(.text)
    EXTI15_10_IRQHandler                     0x08003157   Thumb Code     0  startup_stm32f401xx.o(.text)
    EXTI1_IRQHandler                         0x08003157   Thumb Code     0  startup_stm32f401xx.o(.text)
    EXTI2_IRQHandler                         0x08003157   Thumb Code     0  startup_stm32f401xx.o(.text)
    EXTI3_IRQHandler                         0x08003157   Thumb Code     0  startup_stm32f401xx.o(.text)
    EXTI4_IRQHandler                         0x08003157   Thumb Code     0  startup_stm32f401xx.o(.text)
    EXTI9_5_IRQHandler                       0x08003157   Thumb Code     0  startup_stm32f401xx.o(.text)
    FLASH_IRQHandler                         0x08003157   Thumb Code     0  startup_stm32f401xx.o(.text)
    FPU_IRQHandler                           0x08003157   Thumb Code     0  startup_stm32f401xx.o(.text)
    I2C1_ER_IRQHandler                       0x08003157   Thumb Code     0  startup_stm32f401xx.o(.text)
    I2C1_EV_IRQHandler                       0x08003157   Thumb Code     0  startup_stm32f401xx.o(.text)
    I2C2_ER_IRQHandler                       0x08003157   Thumb Code     0  startup_stm32f401xx.o(.text)
    I2C2_EV_IRQHandler                       0x08003157   Thumb Code     0  startup_stm32f401xx.o(.text)
    I2C3_ER_IRQHandler                       0x08003157   Thumb Code     0  startup_stm32f401xx.o(.text)
    I2C3_EV_IRQHandler                       0x08003157   Thumb Code     0  startup_stm32f401xx.o(.text)
    OTG_FS_IRQHandler                        0x08003157   Thumb Code     0  startup_stm32f401xx.o(.text)
    OTG_FS_WKUP_IRQHandler                   0x08003157   Thumb Code     0  startup_stm32f401xx.o(.text)
    PVD_IRQHandler                           0x08003157   Thumb Code     0  startup_stm32f401xx.o(.text)
    RCC_IRQHandler                           0x08003157   Thumb Code     0  startup_stm32f401xx.o(.text)
    RTC_Alarm_IRQHandler                     0x08003157   Thumb Code     0  startup_stm32f401xx.o(.text)
    RTC_WKUP_IRQHandler                      0x08003157   Thumb Code     0  startup_stm32f401xx.o(.text)
    SDIO_IRQHandler                          0x08003157   Thumb Code     0  startup_stm32f401xx.o(.text)
    SPI1_IRQHandler                          0x08003157   Thumb Code     0  startup_stm32f401xx.o(.text)
    SPI2_IRQHandler                          0x08003157   Thumb Code     0  startup_stm32f401xx.o(.text)
    SPI3_IRQHandler                          0x08003157   Thumb Code     0  startup_stm32f401xx.o(.text)
    SPI4_IRQHandler                          0x08003157   Thumb Code     0  startup_stm32f401xx.o(.text)
    TAMP_STAMP_IRQHandler                    0x08003157   Thumb Code     0  startup_stm32f401xx.o(.text)
    TIM1_BRK_TIM9_IRQHandler                 0x08003157   Thumb Code     0  startup_stm32f401xx.o(.text)
    TIM1_CC_IRQHandler                       0x08003157   Thumb Code     0  startup_stm32f401xx.o(.text)
    TIM1_TRG_COM_TIM11_IRQHandler            0x08003157   Thumb Code     0  startup_stm32f401xx.o(.text)
    TIM1_UP_TIM10_IRQHandler                 0x08003157   Thumb Code     0  startup_stm32f401xx.o(.text)
    TIM2_IRQHandler                          0x08003157   Thumb Code     0  startup_stm32f401xx.o(.text)
    TIM3_IRQHandler                          0x08003157   Thumb Code     0  startup_stm32f401xx.o(.text)
    TIM4_IRQHandler                          0x08003157   Thumb Code     0  startup_stm32f401xx.o(.text)
    TIM5_IRQHandler                          0x08003157   Thumb Code     0  startup_stm32f401xx.o(.text)
    USART2_IRQHandler                        0x08003157   Thumb Code     0  startup_stm32f401xx.o(.text)
    USART6_IRQHandler                        0x08003157   Thumb Code     0  startup_stm32f401xx.o(.text)
    WWDG_IRQHandler                          0x08003157   Thumb Code     0  startup_stm32f401xx.o(.text)
    __aeabi_memcpy                           0x08003161   Thumb Code    36  memcpya.o(.text)
    __aeabi_memcpy4                          0x08003161   Thumb Code     0  memcpya.o(.text)
    __aeabi_memcpy8                          0x08003161   Thumb Code     0  memcpya.o(.text)
    __aeabi_memset                           0x08003185   Thumb Code    14  memseta.o(.text)
    __aeabi_memset4                          0x08003185   Thumb Code     0  memseta.o(.text)
    __aeabi_memset8                          0x08003185   Thumb Code     0  memseta.o(.text)
    __aeabi_memclr                           0x08003193   Thumb Code     4  memseta.o(.text)
    __aeabi_memclr4                          0x08003193   Thumb Code     0  memseta.o(.text)
    __aeabi_memclr8                          0x08003193   Thumb Code     0  memseta.o(.text)
    _memset$wrapper                          0x08003197   Thumb Code    18  memseta.o(.text)
    __scatterload                            0x080031a9   Thumb Code    28  init.o(.text)
    __scatterload_rt2                        0x080031a9   Thumb Code     0  init.o(.text)
    __0printf$2                              0x080031cd   Thumb Code    22  printf2.o(i.__0printf$2)
    __1printf$2                              0x080031cd   Thumb Code     0  printf2.o(i.__0printf$2)
    __2printf                                0x080031cd   Thumb Code     0  printf2.o(i.__0printf$2)
    __scatterload_copy                       0x080031ed   Thumb Code    14  handlers.o(i.__scatterload_copy)
    __scatterload_null                       0x080031fb   Thumb Code     2  handlers.o(i.__scatterload_null)
    __scatterload_zeroinit                   0x080031fd   Thumb Code    14  handlers.o(i.__scatterload_zeroinit)
    Region$$Table$$Base                      0x080032e0   Number         0  anon$$obj.o(Region$$Table)
    Region$$Table$$Limit                     0x08003300   Number         0  anon$$obj.o(Region$$Table)
    USART_Queue                              0x2000000c   Data           4  main.o(.data)
    USART_Semphr                             0x20000010   Data           4  main.o(.data)
    BUTTON_Semphr                            0x20000014   Data           4  main.o(.data)
    pxCurrentTCB                             0x20000018   Data           4  tasks.o(.data)
    SystemCoreClock                          0x20000088   Data           4  system_stm32f4xx.o(.data)
    AHBPrescTable                            0x2000008c   Data          16  system_stm32f4xx.o(.data)
    __stdout                                 0x2000009c   Data           4  stdout.o(.data)
    xQueueRegistry                           0x20000190   Data          64  queue.o(.bss)
    __initial_sp                             0x200041d0   Data           0  startup_stm32f401xx.o(STACK)



==============================================================================

Memory Map of the image

  Image Entry point : 0x08000195

  Load Region LR_IROM1 (Base: 0x08000000, Size: 0x000033a0, Max: 0x00040000, ABSOLUTE)

    Execution Region ER_IROM1 (Base: 0x08000000, Size: 0x00003300, Max: 0x00040000, ABSOLUTE)

    Base Addr    Size         Type   Attr      Idx    E Section Name        Object

    0x08000000   0x00000194   Data   RO          728    RESET               startup_stm32f401xx.o
    0x08000194   0x00000000   Code   RO          733  * .ARM.Collect$$$$00000000  mc_w.l(entry.o)
    0x08000194   0x00000004   Code   RO         1003    .ARM.Collect$$$$00000001  mc_w.l(entry2.o)
    0x08000198   0x00000004   Code   RO         1006    .ARM.Collect$$$$00000004  mc_w.l(entry5.o)
    0x0800019c   0x00000000   Code   RO         1008    .ARM.Collect$$$$00000008  mc_w.l(entry7b.o)
    0x0800019c   0x00000000   Code   RO         1010    .ARM.Collect$$$$0000000A  mc_w.l(entry8b.o)
    0x0800019c   0x00000008   Code   RO         1011    .ARM.Collect$$$$0000000B  mc_w.l(entry9a.o)
    0x080001a4   0x00000000   Code   RO         1013    .ARM.Collect$$$$0000000D  mc_w.l(entry10a.o)
    0x080001a4   0x00000000   Code   RO         1015    .ARM.Collect$$$$0000000F  mc_w.l(entry11a.o)
    0x080001a4   0x00000004   Code   RO         1004    .ARM.Collect$$$$00002712  mc_w.l(entry2.o)
    0x080001a8   0x000000c6   Code   RO          275    .emb_text           port.o
    0x0800026e   0x00000002   PAD
    0x08000270   0x000001c4   Code   RO            4    .text               main.o
    0x08000434   0x00000db8   Code   RO          209    .text               tasks.o
    0x080011ec   0x00000a20   Code   RO          232    .text               queue.o
    0x08001c0c   0x00000092   Code   RO          248    .text               list.o
    0x08001c9e   0x00000002   PAD
    0x08001ca0   0x00000108   Code   RO          260    .text               heap_2.o
    0x08001da8   0x000001dc   Code   RO          276    .text               port.o
    0x08001f84   0x00000090   Code   RO          368    .text               disco_button.o
    0x08002014   0x00000084   Code   RO          395    .text               disco_clock.o
    0x08002098   0x00000174   Code   RO          426    .text               disco_led.o
    0x0800220c   0x00000114   Code   RO          455    .text               disco_usart.o
    0x08002320   0x000000bc   Code   RO          479    .text               misc.o
    0x080023dc   0x000000f8   Code   RO          551    .text               stm32f4xx_exti.o
    0x080024d4   0x00000250   Code   RO          575    .text               stm32f4xx_gpio.o
    0x08002724   0x0000046c   Code   RO          599    .text               stm32f4xx_rcc.o
    0x08002b90   0x00000080   Code   RO          626    .text               stm32f4xx_syscfg.o
    0x08002c10   0x000003ac   Code   RO          675    .text               stm32f4xx_usart.o
    0x08002fbc   0x00000180   Code   RO          699    .text               system_stm32f4xx.o
    0x0800313c   0x00000024   Code   RO          729    .text               startup_stm32f401xx.o
    0x08003160   0x00000024   Code   RO          736    .text               mc_w.l(memcpya.o)
    0x08003184   0x00000024   Code   RO          738    .text               mc_w.l(memseta.o)
    0x080031a8   0x00000024   Code   RO         1033    .text               mc_w.l(init.o)
    0x080031cc   0x00000020   Code   RO          809    i.__0printf$2       mc_w.l(printf2.o)
    0x080031ec   0x0000000e   Code   RO         1045    i.__scatterload_copy  mc_w.l(handlers.o)
    0x080031fa   0x00000002   Code   RO         1046    i.__scatterload_null  mc_w.l(handlers.o)
    0x080031fc   0x0000000e   Code   RO         1047    i.__scatterload_zeroinit  mc_w.l(handlers.o)
    0x0800320a   0x000000d6   Code   RO          816    i._printf_core      mc_w.l(printf2.o)
    0x080032e0   0x00000020   Data   RO         1043    Region$$Table       anon$$obj.o


    Execution Region RW_IRAM1 (Base: 0x20000000, Size: 0x000041d0, Max: 0x00010000, ABSOLUTE)

    Base Addr    Size         Type   Attr      Idx    E Section Name        Object

    0x20000000   0x00000018   Data   RW            5    .data               main.o
    0x20000018   0x00000038   Data   RW          211    .data               tasks.o
    0x20000050   0x00000018   Data   RW          262    .data               heap_2.o
    0x20000068   0x0000000c   Data   RW          277    .data               port.o
    0x20000074   0x00000001   Data   RW          427    .data               disco_led.o
    0x20000075   0x00000010   Data   RW          600    .data               stm32f4xx_rcc.o
    0x20000085   0x00000003   PAD
    0x20000088   0x00000014   Data   RW          700    .data               system_stm32f4xx.o
    0x2000009c   0x00000004   Data   RW         1017    .data               mc_w.l(stdout.o)
    0x200000a0   0x000000f0   Zero   RW          210    .bss                tasks.o
    0x20000190   0x00000040   Zero   RW          233    .bss                queue.o
    0x200001d0   0x00003c00   Zero   RW          261    .bss                heap_2.o
    0x20003dd0   0x00000400   Zero   RW          726    STACK               startup_stm32f401xx.o


==============================================================================

Image component sizes


      Code (inc. data)   RO Data    RW Data    ZI Data      Debug   Object Name

       144          6          0          0          0       1400   disco_button.o
       132          8          0          0          0      27114   disco_clock.o
       372         40          0          1          0       2219   disco_led.o
       276         10          0          0          0       1484   disco_usart.o
       264         12          0         24      15360       3048   heap_2.o
       146          0          0          0          0       1846   list.o
       452         50          0         24          0     255064   main.o
       188         12          0          0          0       1929   misc.o
       674         48          0         12          0       5504   port.o
      2592          6          0          0         64      11922   queue.o
        36          8        404          0       1024        924   startup_stm32f401xx.o
       248         20          0          0          0       2259   stm32f4xx_exti.o
       592          0          0          0          0       4073   stm32f4xx_gpio.o
      1132        142          0         16          0      11219   stm32f4xx_rcc.o
       128         16          0          0          0       1753   stm32f4xx_syscfg.o
       940          6          0          0          0       6916   stm32f4xx_usart.o
       384         52          0         20          0       2011   system_stm32f4xx.o
      3512         86          0         56        240      16130   tasks.o
         0          0          0          0          0       4420   timers.o

    ----------------------------------------------------------------------
     12216        522        436        156      16688     361235   Object Totals
         0          0         32          0          0          0   (incl. Generated)
         4          0          0          3          0          0   (incl. Padding)

    ----------------------------------------------------------------------

      Code (inc. data)   RO Data    RW Data    ZI Data      Debug   Library Member Name

         0          0          0          0          0          0   entry.o
         0          0          0          0          0          0   entry10a.o
         0          0          0          0          0          0   entry11a.o
         8          4          0          0          0          0   entry2.o
         4          0          0          0          0          0   entry5.o
         0          0          0          0          0          0   entry7b.o
         0          0          0          0          0          0   entry8b.o
         8          4          0          0          0          0   entry9a.o
        30          0          0          0          0          0   handlers.o
        36          8          0          0          0         68   init.o
        36          0          0          0          0         68   memcpya.o
        36          0          0          0          0        108   memseta.o
       246         10          0          0          0        176   printf2.o
         0          0          0          4          0          0   stdout.o

    ----------------------------------------------------------------------
       404         26          0          4          0        420   Library Totals
         0          0          0          0          0          0   (incl. Padding)

    ----------------------------------------------------------------------

      Code (inc. data)   RO Data    RW Data    ZI Data      Debug   Library Name

       404         26          0          4          0        420   mc_w.l

    ----------------------------------------------------------------------
       404         26          0          4          0        420   Library Totals

    ----------------------------------------------------------------------

==============================================================================


      Code (inc. data)   RO Data    RW Data    ZI Data      Debug   

     12620        548        436        160      16688     357455   Grand Totals
     12620        548        436        160      16688     357455   ELF Image Totals
     12620        548        436        160          0          0   ROM Totals

==============================================================================

    Total RO  Size (Code + RO Data)                13056 (  12.75kB)
    Total RW  Size (RW Data + ZI Data)             16848 (  16.45kB)
    Total ROM Size (Code + RO Data + RW Data)      13216 (  12.91kB)

==============================================================================

