Component: ARM Compiler 5.05 (build 41) Tool: armlink [4d0eb9]

==============================================================================

Section Cross References

    main.o(.text) refers to disco_led.o(.text) for Disco_Led_Toggle
    main.o(.text) refers to tasks.o(.text) for vTaskDelay
    main.o(.text) refers to disco_clock.o(.text) for Disco_Clock_Init
    tasks.o(.text) refers to port.o(.emb_text) for ulPortSetInterruptMask
    tasks.o(.text) refers to heap_2.o(.text) for pvPortMalloc
    tasks.o(.text) refers to memseta.o(.text) for __aeabi_memset
    tasks.o(.text) refers to list.o(.text) for vListInitialiseItem
    tasks.o(.text) refers to port.o(.text) for pxPortInitialiseStack
    tasks.o(.text) refers to tasks.o(.data) for .data
    tasks.o(.text) refers to tasks.o(.bss) for .bss
    queue.o(.text) refers to port.o(.text) for vPortEnterCritical
    queue.o(.text) refers to list.o(.text) for vListInitialise
    queue.o(.text) refers to port.o(.emb_text) for ulPortSetInterruptMask
    queue.o(.text) refers to tasks.o(.text) for xTaskRemoveFromEventList
    queue.o(.text) refers to heap_2.o(.text) for pvPortMalloc
    queue.o(.text) refers to memcpya.o(.text) for __aeabi_memcpy
    queue.o(.text) refers to queue.o(.bss) for .bss
    heap_2.o(.text) refers to tasks.o(.text) for vTaskSuspendAll
    heap_2.o(.text) refers to heap_2.o(.data) for .data
    heap_2.o(.text) refers to heap_2.o(.bss) for .bss
    port.o(.emb_text) refers to tasks.o(.text) for vTaskSwitchContext
    port.o(.emb_text) refers to tasks.o(.data) for pxCurrentTCB
    port.o(.text) refers to port.o(.emb_text) for ulPortSetInterruptMask
    port.o(.text) refers to tasks.o(.text) for xTaskIncrementTick
    port.o(.text) refers to port.o(.data) for .data
    port.o(.text) refers to system_stm32f4xx.o(.data) for SystemCoreClock
    croutine.o(.text) refers to heap_2.o(.text) for pvPortMalloc
    croutine.o(.text) refers to list.o(.text) for vListInitialise
    croutine.o(.text) refers to port.o(.emb_text) for ulPortSetInterruptMask
    croutine.o(.text) refers to tasks.o(.text) for xTaskGetTickCount
    croutine.o(.text) refers to croutine.o(.data) for .data
    croutine.o(.text) refers to croutine.o(.bss) for .bss
    event_groups.o(.text) refers to heap_2.o(.text) for pvPortMalloc
    event_groups.o(.text) refers to list.o(.text) for vListInitialise
    event_groups.o(.text) refers to port.o(.emb_text) for ulPortSetInterruptMask
    event_groups.o(.text) refers to tasks.o(.text) for vTaskSuspendAll
    event_groups.o(.text) refers to port.o(.text) for vPortYield
    disco_adc.o(.text) refers to stm32f4xx_rcc.o(.text) for RCC_AHB1PeriphClockCmd
    disco_adc.o(.text) refers to stm32f4xx_gpio.o(.text) for GPIO_Init
    disco_adc.o(.text) refers to stm32f4xx_dma.o(.text) for DMA_DeInit
    disco_adc.o(.text) refers to stm32f4xx_adc.o(.text) for ADC_CommonInit
    disco_adc.o(.text) refers to disco_adc.o(.data) for .data
    disco_button.o(.text) refers to stm32f4xx_rcc.o(.text) for RCC_AHB1PeriphClockCmd
    disco_button.o(.text) refers to stm32f4xx_gpio.o(.text) for GPIO_Init
    disco_button.o(.text) refers to stm32f4xx_syscfg.o(.text) for SYSCFG_EXTILineConfig
    disco_button.o(.text) refers to stm32f4xx_exti.o(.text) for EXTI_Init
    disco_button.o(.text) refers to misc.o(.text) for NVIC_PriorityGroupConfig
    disco_clock.o(.text) refers to stm32f4xx_rcc.o(.text) for RCC_HSEConfig
    disco_clock.o(.text) refers to misc.o(.text) for SysTick_CLKSourceConfig
    disco_clock.o(.text) refers to system_stm32f4xx.o(.text) for SystemCoreClockUpdate
    disco_clock.o(.text) refers to system_stm32f4xx.o(.data) for SystemCoreClock
    disco_led.o(.text) refers to stm32f4xx_rcc.o(.text) for RCC_AHB1PeriphClockCmd
    disco_led.o(.text) refers to stm32f4xx_gpio.o(.text) for GPIO_Init
    disco_led.o(.text) refers to disco_led.o(.data) for .data
    disco_usart.o(.text) refers to stm32f4xx_rcc.o(.text) for RCC_APB2PeriphClockCmd
    disco_usart.o(.text) refers to stm32f4xx_gpio.o(.text) for GPIO_Init
    disco_usart.o(.text) refers to stm32f4xx_usart.o(.text) for USART_Init
    disco_usart.o(.text) refers to misc.o(.text) for NVIC_PriorityGroupConfig
    stm32f4xx_adc.o(.text) refers to stm32f4xx_rcc.o(.text) for RCC_APB2PeriphResetCmd
    stm32f4xx_gpio.o(.text) refers to stm32f4xx_rcc.o(.text) for RCC_AHB1PeriphResetCmd
    stm32f4xx_rcc.o(.text) refers to stm32f4xx_rcc.o(.data) for .data
    stm32f4xx_syscfg.o(.text) refers to stm32f4xx_rcc.o(.text) for RCC_APB2PeriphResetCmd
    stm32f4xx_tim.o(.text) refers to stm32f4xx_rcc.o(.text) for RCC_APB1PeriphResetCmd
    stm32f4xx_usart.o(.text) refers to stm32f4xx_rcc.o(.text) for RCC_APB1PeriphResetCmd
    system_stm32f4xx.o(.text) refers to system_stm32f4xx.o(.data) for .data
    startup_stm32f401xx.o(RESET) refers to startup_stm32f401xx.o(STACK) for __initial_sp
    startup_stm32f401xx.o(RESET) refers to startup_stm32f401xx.o(.text) for Reset_Handler
    startup_stm32f401xx.o(RESET) refers to port.o(.emb_text) for SVC_Handler
    startup_stm32f401xx.o(RESET) refers to port.o(.text) for SysTick_Handler
    startup_stm32f401xx.o(.text) refers to system_stm32f4xx.o(.text) for SystemInit
    startup_stm32f401xx.o(.text) refers to entry.o(.ARM.Collect$$$$00000000) for __main
    entry.o(.ARM.Collect$$$$00000000) refers (Special) to entry10a.o(.ARM.Collect$$$$0000000D) for __rt_final_cpp
    entry.o(.ARM.Collect$$$$00000000) refers (Special) to entry11a.o(.ARM.Collect$$$$0000000F) for __rt_final_exit
    entry.o(.ARM.Collect$$$$00000000) refers (Special) to entry7b.o(.ARM.Collect$$$$00000008) for _main_clock
    entry.o(.ARM.Collect$$$$00000000) refers (Special) to entry8b.o(.ARM.Collect$$$$0000000A) for _main_cpp_init
    entry.o(.ARM.Collect$$$$00000000) refers (Special) to entry9a.o(.ARM.Collect$$$$0000000B) for _main_init
    entry.o(.ARM.Collect$$$$00000000) refers (Special) to entry5.o(.ARM.Collect$$$$00000004) for _main_scatterload
    entry.o(.ARM.Collect$$$$00000000) refers (Special) to entry2.o(.ARM.Collect$$$$00000001) for _main_stk
    entry2.o(.ARM.Collect$$$$00000001) refers to entry2.o(.ARM.Collect$$$$00002712) for __lit__00000000
    entry2.o(.ARM.Collect$$$$00002712) refers to startup_stm32f401xx.o(STACK) for __initial_sp
    entry2.o(__vectab_stack_and_reset_area) refers to startup_stm32f401xx.o(STACK) for __initial_sp
    entry2.o(__vectab_stack_and_reset_area) refers to entry.o(.ARM.Collect$$$$00000000) for __main
    entry5.o(.ARM.Collect$$$$00000004) refers to init.o(.text) for __scatterload
    entry9a.o(.ARM.Collect$$$$0000000B) refers to main.o(.text) for main
    entry9b.o(.ARM.Collect$$$$0000000C) refers to main.o(.text) for main
    init.o(.text) refers to entry5.o(.ARM.Collect$$$$00000004) for __main_after_scatterload


==============================================================================

Removing Unused input sections from the image.

    Removing main.o(.rev16_text), (4 bytes).
    Removing main.o(.revsh_text), (4 bytes).
    Removing main.o(.rrx_text), (6 bytes).
    Removing queue.o(.text), (2592 bytes).
    Removing queue.o(.bss), (64 bytes).
    Removing croutine.o(.text), (584 bytes).
    Removing croutine.o(.bss), (100 bytes).
    Removing croutine.o(.data), (28 bytes).
    Removing event_groups.o(.text), (918 bytes).
    Removing disco_adc.o(.rev16_text), (4 bytes).
    Removing disco_adc.o(.revsh_text), (4 bytes).
    Removing disco_adc.o(.rrx_text), (6 bytes).
    Removing disco_adc.o(.text), (264 bytes).
    Removing disco_adc.o(.data), (4 bytes).
    Removing disco_button.o(.rev16_text), (4 bytes).
    Removing disco_button.o(.revsh_text), (4 bytes).
    Removing disco_button.o(.rrx_text), (6 bytes).
    Removing disco_button.o(.text), (144 bytes).
    Removing disco_clock.o(.rev16_text), (4 bytes).
    Removing disco_clock.o(.revsh_text), (4 bytes).
    Removing disco_clock.o(.rrx_text), (6 bytes).
    Removing disco_led.o(.rev16_text), (4 bytes).
    Removing disco_led.o(.revsh_text), (4 bytes).
    Removing disco_led.o(.rrx_text), (6 bytes).
    Removing disco_usart.o(.rev16_text), (4 bytes).
    Removing disco_usart.o(.revsh_text), (4 bytes).
    Removing disco_usart.o(.rrx_text), (6 bytes).
    Removing disco_usart.o(.text), (276 bytes).
    Removing misc.o(.rev16_text), (4 bytes).
    Removing misc.o(.revsh_text), (4 bytes).
    Removing misc.o(.rrx_text), (6 bytes).
    Removing stm32f4xx_adc.o(.rev16_text), (4 bytes).
    Removing stm32f4xx_adc.o(.revsh_text), (4 bytes).
    Removing stm32f4xx_adc.o(.rrx_text), (6 bytes).
    Removing stm32f4xx_adc.o(.text), (912 bytes).
    Removing stm32f4xx_dma.o(.rev16_text), (4 bytes).
    Removing stm32f4xx_dma.o(.revsh_text), (4 bytes).
    Removing stm32f4xx_dma.o(.rrx_text), (6 bytes).
    Removing stm32f4xx_dma.o(.text), (936 bytes).
    Removing stm32f4xx_exti.o(.rev16_text), (4 bytes).
    Removing stm32f4xx_exti.o(.revsh_text), (4 bytes).
    Removing stm32f4xx_exti.o(.rrx_text), (6 bytes).
    Removing stm32f4xx_exti.o(.text), (248 bytes).
    Removing stm32f4xx_gpio.o(.rev16_text), (4 bytes).
    Removing stm32f4xx_gpio.o(.revsh_text), (4 bytes).
    Removing stm32f4xx_gpio.o(.rrx_text), (6 bytes).
    Removing stm32f4xx_rcc.o(.rev16_text), (4 bytes).
    Removing stm32f4xx_rcc.o(.revsh_text), (4 bytes).
    Removing stm32f4xx_rcc.o(.rrx_text), (6 bytes).
    Removing stm32f4xx_syscfg.o(.rev16_text), (4 bytes).
    Removing stm32f4xx_syscfg.o(.revsh_text), (4 bytes).
    Removing stm32f4xx_syscfg.o(.rrx_text), (6 bytes).
    Removing stm32f4xx_syscfg.o(.text), (128 bytes).
    Removing stm32f4xx_tim.o(.rev16_text), (4 bytes).
    Removing stm32f4xx_tim.o(.revsh_text), (4 bytes).
    Removing stm32f4xx_tim.o(.rrx_text), (6 bytes).
    Removing stm32f4xx_tim.o(.text), (3046 bytes).
    Removing stm32f4xx_usart.o(.rev16_text), (4 bytes).
    Removing stm32f4xx_usart.o(.revsh_text), (4 bytes).
    Removing stm32f4xx_usart.o(.rrx_text), (6 bytes).
    Removing stm32f4xx_usart.o(.text), (940 bytes).
    Removing system_stm32f4xx.o(.rev16_text), (4 bytes).
    Removing system_stm32f4xx.o(.revsh_text), (4 bytes).
    Removing system_stm32f4xx.o(.rrx_text), (6 bytes).
    Removing startup_stm32f401xx.o(HEAP), (512 bytes).

65 unused section(s) (total 11920 bytes) removed from the image.

==============================================================================

Image Symbol Table

    Local Symbols

    Symbol Name                              Value     Ov Type        Size  Object(Section)

    ../clib/microlib/init/entry.s            0x00000000   Number         0  entry9b.o ABSOLUTE
    ../clib/microlib/init/entry.s            0x00000000   Number         0  entry8b.o ABSOLUTE
    ../clib/microlib/init/entry.s            0x00000000   Number         0  entry.o ABSOLUTE
    ../clib/microlib/init/entry.s            0x00000000   Number         0  entry11b.o ABSOLUTE
    ../clib/microlib/init/entry.s            0x00000000   Number         0  entry11a.o ABSOLUTE
    ../clib/microlib/init/entry.s            0x00000000   Number         0  entry10b.o ABSOLUTE
    ../clib/microlib/init/entry.s            0x00000000   Number         0  entry10a.o ABSOLUTE
    ../clib/microlib/init/entry.s            0x00000000   Number         0  entry9a.o ABSOLUTE
    ../clib/microlib/init/entry.s            0x00000000   Number         0  entry8a.o ABSOLUTE
    ../clib/microlib/init/entry.s            0x00000000   Number         0  entry7b.o ABSOLUTE
    ../clib/microlib/init/entry.s            0x00000000   Number         0  entry7a.o ABSOLUTE
    ../clib/microlib/init/entry.s            0x00000000   Number         0  entry5.o ABSOLUTE
    ../clib/microlib/init/entry.s            0x00000000   Number         0  entry2.o ABSOLUTE
    ../clib/microlib/string/memcpy.c         0x00000000   Number         0  memcpya.o ABSOLUTE
    ../clib/microlib/string/memcpy.c         0x00000000   Number         0  memcpyb.o ABSOLUTE
    ../clib/microlib/string/memset.c         0x00000000   Number         0  memseta.o ABSOLUTE
    System\FreeRTOS\croutine.c               0x00000000   Number         0  croutine.o ABSOLUTE
    System\FreeRTOS\event_groups.c           0x00000000   Number         0  event_groups.o ABSOLUTE
    System\FreeRTOS\list.c                   0x00000000   Number         0  list.o ABSOLUTE
    System\FreeRTOS\portable\MemMang\heap_2.c 0x00000000   Number         0  heap_2.o ABSOLUTE
    System\FreeRTOS\portable\RVDS\ARM_CM4F\port.c 0x00000000   Number         0  port.o ABSOLUTE
    System\FreeRTOS\queue.c                  0x00000000   Number         0  queue.o ABSOLUTE
    System\FreeRTOS\tasks.c                  0x00000000   Number         0  tasks.o ABSOLUTE
    System\FreeRTOS\timers.c                 0x00000000   Number         0  timers.o ABSOLUTE
    System\Libraries\CMSIS\Device\ST\STM32F4xx\Source\Templates\arm\startup_stm32f401xx.s 0x00000000   Number         0  startup_stm32f401xx.o ABSOLUTE
    System\Libraries\CMSIS\Device\ST\STM32F4xx\Source\Templates\system_stm32f4xx.c 0x00000000   Number         0  system_stm32f4xx.o ABSOLUTE
    System\Libraries\STM32F4xx_StdPeriph_Driver\src\misc.c 0x00000000   Number         0  misc.o ABSOLUTE
    System\Libraries\STM32F4xx_StdPeriph_Driver\src\stm32f4xx_adc.c 0x00000000   Number         0  stm32f4xx_adc.o ABSOLUTE
    System\Libraries\STM32F4xx_StdPeriph_Driver\src\stm32f4xx_dma.c 0x00000000   Number         0  stm32f4xx_dma.o ABSOLUTE
    System\Libraries\STM32F4xx_StdPeriph_Driver\src\stm32f4xx_exti.c 0x00000000   Number         0  stm32f4xx_exti.o ABSOLUTE
    System\Libraries\STM32F4xx_StdPeriph_Driver\src\stm32f4xx_gpio.c 0x00000000   Number         0  stm32f4xx_gpio.o ABSOLUTE
    System\Libraries\STM32F4xx_StdPeriph_Driver\src\stm32f4xx_rcc.c 0x00000000   Number         0  stm32f4xx_rcc.o ABSOLUTE
    System\Libraries\STM32F4xx_StdPeriph_Driver\src\stm32f4xx_syscfg.c 0x00000000   Number         0  stm32f4xx_syscfg.o ABSOLUTE
    System\Libraries\STM32F4xx_StdPeriph_Driver\src\stm32f4xx_tim.c 0x00000000   Number         0  stm32f4xx_tim.o ABSOLUTE
    System\Libraries\STM32F4xx_StdPeriph_Driver\src\stm32f4xx_usart.c 0x00000000   Number         0  stm32f4xx_usart.o ABSOLUTE
    System\STM32F4BSP\DISCO_ADC.c            0x00000000   Number         0  disco_adc.o ABSOLUTE
    System\STM32F4BSP\DISCO_USART.c          0x00000000   Number         0  disco_usart.o ABSOLUTE
    System\STM32F4BSP\Disco_Button.c         0x00000000   Number         0  disco_button.o ABSOLUTE
    System\STM32F4BSP\Disco_Clock.c          0x00000000   Number         0  disco_clock.o ABSOLUTE
    System\STM32F4BSP\Disco_LED.c            0x00000000   Number         0  disco_led.o ABSOLUTE
    System\\FreeRTOS\\portable\\RVDS\\ARM_CM4F\\port.c 0x00000000   Number         0  port.o ABSOLUTE
    System\\Libraries\\CMSIS\\Device\\ST\\STM32F4xx\\Source\\Templates\\system_stm32f4xx.c 0x00000000   Number         0  system_stm32f4xx.o ABSOLUTE
    System\\Libraries\\STM32F4xx_StdPeriph_Driver\\src\\misc.c 0x00000000   Number         0  misc.o ABSOLUTE
    System\\Libraries\\STM32F4xx_StdPeriph_Driver\\src\\stm32f4xx_adc.c 0x00000000   Number         0  stm32f4xx_adc.o ABSOLUTE
    System\\Libraries\\STM32F4xx_StdPeriph_Driver\\src\\stm32f4xx_dma.c 0x00000000   Number         0  stm32f4xx_dma.o ABSOLUTE
    System\\Libraries\\STM32F4xx_StdPeriph_Driver\\src\\stm32f4xx_exti.c 0x00000000   Number         0  stm32f4xx_exti.o ABSOLUTE
    System\\Libraries\\STM32F4xx_StdPeriph_Driver\\src\\stm32f4xx_gpio.c 0x00000000   Number         0  stm32f4xx_gpio.o ABSOLUTE
    System\\Libraries\\STM32F4xx_StdPeriph_Driver\\src\\stm32f4xx_rcc.c 0x00000000   Number         0  stm32f4xx_rcc.o ABSOLUTE
    System\\Libraries\\STM32F4xx_StdPeriph_Driver\\src\\stm32f4xx_syscfg.c 0x00000000   Number         0  stm32f4xx_syscfg.o ABSOLUTE
    System\\Libraries\\STM32F4xx_StdPeriph_Driver\\src\\stm32f4xx_tim.c 0x00000000   Number         0  stm32f4xx_tim.o ABSOLUTE
    System\\Libraries\\STM32F4xx_StdPeriph_Driver\\src\\stm32f4xx_usart.c 0x00000000   Number         0  stm32f4xx_usart.o ABSOLUTE
    System\\STM32F4BSP\\DISCO_ADC.c          0x00000000   Number         0  disco_adc.o ABSOLUTE
    System\\STM32F4BSP\\DISCO_USART.c        0x00000000   Number         0  disco_usart.o ABSOLUTE
    System\\STM32F4BSP\\Disco_Button.c       0x00000000   Number         0  disco_button.o ABSOLUTE
    System\\STM32F4BSP\\Disco_Clock.c        0x00000000   Number         0  disco_clock.o ABSOLUTE
    System\\STM32F4BSP\\Disco_LED.c          0x00000000   Number         0  disco_led.o ABSOLUTE
    Users\\main.c                            0x00000000   Number         0  main.o ABSOLUTE
    Users\main.c                             0x00000000   Number         0  main.o ABSOLUTE
    dc.s                                     0x00000000   Number         0  dc.o ABSOLUTE
    handlers.s                               0x00000000   Number         0  handlers.o ABSOLUTE
    init.s                                   0x00000000   Number         0  init.o ABSOLUTE
    RESET                                    0x08000000   Section      404  startup_stm32f401xx.o(RESET)
    .ARM.Collect$$$$00000000                 0x08000194   Section        0  entry.o(.ARM.Collect$$$$00000000)
    .ARM.Collect$$$$00000001                 0x08000194   Section        4  entry2.o(.ARM.Collect$$$$00000001)
    .ARM.Collect$$$$00000004                 0x08000198   Section        4  entry5.o(.ARM.Collect$$$$00000004)
    .ARM.Collect$$$$00000008                 0x0800019c   Section        0  entry7b.o(.ARM.Collect$$$$00000008)
    .ARM.Collect$$$$0000000A                 0x0800019c   Section        0  entry8b.o(.ARM.Collect$$$$0000000A)
    .ARM.Collect$$$$0000000B                 0x0800019c   Section        8  entry9a.o(.ARM.Collect$$$$0000000B)
    .ARM.Collect$$$$0000000D                 0x080001a4   Section        0  entry10a.o(.ARM.Collect$$$$0000000D)
    .ARM.Collect$$$$0000000F                 0x080001a4   Section        0  entry11a.o(.ARM.Collect$$$$0000000F)
    .ARM.Collect$$$$00002712                 0x080001a4   Section        4  entry2.o(.ARM.Collect$$$$00002712)
    __lit__00000000                          0x080001a4   Data           4  entry2.o(.ARM.Collect$$$$00002712)
    .emb_text                                0x080001a8   Section      198  port.o(.emb_text)
    $v0                                      0x080001a8   Number         0  port.o(.emb_text)
    .text                                    0x08000270   Section        0  main.o(.text)
    .text                                    0x080002e0   Section        0  tasks.o(.text)
    prvIdleTask                              0x08000ac3   Thumb Code    92  tasks.o(.text)
    prvListTaskWithinSingleList              0x08000ba3   Thumb Code   202  tasks.o(.text)
    .text                                    0x08001098   Section        0  list.o(.text)
    .text                                    0x0800112c   Section        0  heap_2.o(.text)
    .text                                    0x08001234   Section        0  port.o(.text)
    prvTaskExitError                         0x08001235   Thumb Code    22  port.o(.text)
    .text                                    0x08001410   Section        0  disco_clock.o(.text)
    .text                                    0x08001494   Section        0  disco_led.o(.text)
    .text                                    0x08001608   Section        0  misc.o(.text)
    .text                                    0x080016c4   Section        0  stm32f4xx_gpio.o(.text)
    .text                                    0x08001914   Section        0  stm32f4xx_rcc.o(.text)
    .text                                    0x08001d80   Section        0  system_stm32f4xx.o(.text)
    .text                                    0x08001f00   Section       36  startup_stm32f401xx.o(.text)
    $v0                                      0x08001f00   Number         0  startup_stm32f401xx.o(.text)
    .text                                    0x08001f24   Section        0  memseta.o(.text)
    .text                                    0x08001f48   Section       36  init.o(.text)
    i.__scatterload_copy                     0x08001f6c   Section       14  handlers.o(i.__scatterload_copy)
    i.__scatterload_null                     0x08001f7a   Section        2  handlers.o(i.__scatterload_null)
    i.__scatterload_zeroinit                 0x08001f7c   Section       14  handlers.o(i.__scatterload_zeroinit)
    .data                                    0x20000000   Section       56  tasks.o(.data)
    uxTasksDeleted                           0x20000004   Data           4  tasks.o(.data)
    uxCurrentNumberOfTasks                   0x20000008   Data           4  tasks.o(.data)
    xTickCount                               0x2000000c   Data           4  tasks.o(.data)
    uxTopReadyPriority                       0x20000010   Data           4  tasks.o(.data)
    xSchedulerRunning                        0x20000014   Data           4  tasks.o(.data)
    uxPendedTicks                            0x20000018   Data           4  tasks.o(.data)
    xYieldPending                            0x2000001c   Data           4  tasks.o(.data)
    xNumOfOverflows                          0x20000020   Data           4  tasks.o(.data)
    uxTaskNumber                             0x20000024   Data           4  tasks.o(.data)
    xNextTaskUnblockTime                     0x20000028   Data           4  tasks.o(.data)
    uxSchedulerSuspended                     0x2000002c   Data           4  tasks.o(.data)
    pxDelayedTaskList                        0x20000030   Data           4  tasks.o(.data)
    pxOverflowDelayedTaskList                0x20000034   Data           4  tasks.o(.data)
    .data                                    0x20000038   Section       24  heap_2.o(.data)
    xFreeBytesRemaining                      0x20000038   Data           4  heap_2.o(.data)
    xHeapHasBeenInitialised                  0x2000003c   Data           4  heap_2.o(.data)
    xStart                                   0x20000040   Data           8  heap_2.o(.data)
    xEnd                                     0x20000048   Data           8  heap_2.o(.data)
    .data                                    0x20000050   Section       12  port.o(.data)
    ucMaxSysCallPriority                     0x20000050   Data           1  port.o(.data)
    uxCriticalNesting                        0x20000054   Data           4  port.o(.data)
    ulMaxPRIGROUPValue                       0x20000058   Data           4  port.o(.data)
    .data                                    0x2000005c   Section        1  disco_led.o(.data)
    mod                                      0x2000005c   Data           1  disco_led.o(.data)
    .data                                    0x2000005d   Section       16  stm32f4xx_rcc.o(.data)
    APBAHBPrescTable                         0x2000005d   Data          16  stm32f4xx_rcc.o(.data)
    .data                                    0x20000070   Section       20  system_stm32f4xx.o(.data)
    .bss                                     0x20000084   Section      240  tasks.o(.bss)
    pxReadyTasksLists                        0x20000084   Data         140  tasks.o(.bss)
    xDelayedTaskList1                        0x20000110   Data          20  tasks.o(.bss)
    xDelayedTaskList2                        0x20000124   Data          20  tasks.o(.bss)
    xPendingReadyList                        0x20000138   Data          20  tasks.o(.bss)
    xTasksWaitingTermination                 0x2000014c   Data          20  tasks.o(.bss)
    xSuspendedTaskList                       0x20000160   Data          20  tasks.o(.bss)
    .bss                                     0x20000174   Section    15360  heap_2.o(.bss)
    ucHeap                                   0x20000174   Data       15360  heap_2.o(.bss)
    STACK                                    0x20003d78   Section     1024  startup_stm32f401xx.o(STACK)

    Global Symbols

    Symbol Name                              Value     Ov Type        Size  Object(Section)

    BuildAttributes$$THM_ISAv4$E$P$D$K$B$S$7EM$VFPi3$EXTD16$VFPS$VFMA$PE$A:L22UL41UL21$X:L11$S22US41US21$IEEE1$IW$USESV6$~STKCKD$USESV7$~SHL$OTIME$EBA8$MICROLIB$REQ8$PRES8$EABIv2 0x00000000   Number         0  anon$$obj.o ABSOLUTE
    __ARM_use_no_argv                        0x00000000   Number         0  main.o ABSOLUTE
    __cpp_initialize__aeabi_                  - Undefined Weak Reference
    __cxa_finalize                            - Undefined Weak Reference
    __decompress                              - Undefined Weak Reference
    _clock_init                               - Undefined Weak Reference
    _microlib_exit                            - Undefined Weak Reference
    __Vectors_Size                           0x00000194   Number         0  startup_stm32f401xx.o ABSOLUTE
    __Vectors                                0x08000000   Data           4  startup_stm32f401xx.o(RESET)
    __Vectors_End                            0x08000194   Data           0  startup_stm32f401xx.o(RESET)
    __main                                   0x08000195   Thumb Code     0  entry.o(.ARM.Collect$$$$00000000)
    _main_stk                                0x08000195   Thumb Code     0  entry2.o(.ARM.Collect$$$$00000001)
    _main_scatterload                        0x08000199   Thumb Code     0  entry5.o(.ARM.Collect$$$$00000004)
    __main_after_scatterload                 0x0800019d   Thumb Code     0  entry5.o(.ARM.Collect$$$$00000004)
    _main_clock                              0x0800019d   Thumb Code     0  entry7b.o(.ARM.Collect$$$$00000008)
    _main_cpp_init                           0x0800019d   Thumb Code     0  entry8b.o(.ARM.Collect$$$$0000000A)
    _main_init                               0x0800019d   Thumb Code     0  entry9a.o(.ARM.Collect$$$$0000000B)
    __rt_final_cpp                           0x080001a5   Thumb Code     0  entry10a.o(.ARM.Collect$$$$0000000D)
    __rt_final_exit                          0x080001a5   Thumb Code     0  entry11a.o(.ARM.Collect$$$$0000000F)
    SVC_Handler                              0x080001a9   Thumb Code    28  port.o(.emb_text)
    __asm___6_port_c_39a90d8d__prvStartFirstTask 0x080001c9   Thumb Code    28  port.o(.emb_text)
    __asm___6_port_c_39a90d8d__prvEnableVFP  0x080001e9   Thumb Code    16  port.o(.emb_text)
    PendSV_Handler                           0x080001fd   Thumb Code    84  port.o(.emb_text)
    ulPortSetInterruptMask                   0x08000255   Thumb Code    14  port.o(.emb_text)
    vPortClearInterruptMask                  0x08000263   Thumb Code     6  port.o(.emb_text)
    vPortGetIPSR                             0x08000269   Thumb Code     6  port.o(.emb_text)
    LED2_TASK                                0x08000271   Thumb Code    14  main.o(.text)
    LED1_TASK                                0x0800027f   Thumb Code    14  main.o(.text)
    main                                     0x0800028d   Thumb Code    66  main.o(.text)
    xTaskGenericCreate                       0x080002e1   Thumb Code   368  tasks.o(.text)
    vTaskDelete                              0x08000451   Thumb Code   158  tasks.o(.text)
    xTaskIncrementTick                       0x080004ef   Thumb Code   218  tasks.o(.text)
    xTaskResumeAll                           0x080005c9   Thumb Code   382  tasks.o(.text)
    vTaskSuspendAll                          0x08000747   Thumb Code    10  tasks.o(.text)
    vTaskDelay                               0x08000751   Thumb Code   146  tasks.o(.text)
    uxTaskPriorityGet                        0x080007e3   Thumb Code    26  tasks.o(.text)
    vTaskPrioritySet                         0x080007fd   Thumb Code   172  tasks.o(.text)
    vTaskSwitchContext                       0x080008a9   Thumb Code    76  tasks.o(.text)
    vTaskSuspend                             0x080008f5   Thumb Code   240  tasks.o(.text)
    vTaskResume                              0x080009e5   Thumb Code   102  tasks.o(.text)
    xTaskResumeFromISR                       0x08000a4b   Thumb Code   120  tasks.o(.text)
    vTaskStartScheduler                      0x08000b1f   Thumb Code    66  tasks.o(.text)
    vTaskEndScheduler                        0x08000b61   Thumb Code    20  tasks.o(.text)
    xTaskGetTickCount                        0x08000b75   Thumb Code    18  tasks.o(.text)
    xTaskGetTickCountFromISR                 0x08000b87   Thumb Code    22  tasks.o(.text)
    uxTaskGetNumberOfTasks                   0x08000b9d   Thumb Code     6  tasks.o(.text)
    uxTaskGetSystemState                     0x08000c6d   Thumb Code   144  tasks.o(.text)
    vTaskPlaceOnEventList                    0x08000cfd   Thumb Code   120  tasks.o(.text)
    vTaskPlaceOnUnorderedEventList           0x08000d75   Thumb Code   138  tasks.o(.text)
    xTaskRemoveFromEventList                 0x08000dff   Thumb Code    94  tasks.o(.text)
    xTaskRemoveFromUnorderedEventList        0x08000e5d   Thumb Code    88  tasks.o(.text)
    vTaskSetTimeOutState                     0x08000eb5   Thumb Code    22  tasks.o(.text)
    xTaskCheckForTimeOut                     0x08000ecb   Thumb Code    92  tasks.o(.text)
    vTaskMissedYield                         0x08000f27   Thumb Code     8  tasks.o(.text)
    uxTaskGetTaskNumber                      0x08000f2f   Thumb Code     8  tasks.o(.text)
    vTaskSetTaskNumber                       0x08000f37   Thumb Code     8  tasks.o(.text)
    xTaskGetCurrentTaskHandle                0x08000f3f   Thumb Code     6  tasks.o(.text)
    xTaskGetSchedulerState                   0x08000f45   Thumb Code    24  tasks.o(.text)
    vTaskPriorityInherit                     0x08000f5d   Thumb Code   132  tasks.o(.text)
    xTaskPriorityDisinherit                  0x08000fe1   Thumb Code   124  tasks.o(.text)
    uxTaskResetEventItemValue                0x0800105d   Thumb Code    20  tasks.o(.text)
    pvTaskIncrementMutexHeldCount            0x08001071   Thumb Code    18  tasks.o(.text)
    vListInitialise                          0x08001099   Thumb Code    22  list.o(.text)
    vListInitialiseItem                      0x080010af   Thumb Code     6  list.o(.text)
    vListInsertEnd                           0x080010b5   Thumb Code    24  list.o(.text)
    vListInsert                              0x080010cd   Thumb Code    58  list.o(.text)
    uxListRemove                             0x08001107   Thumb Code    36  list.o(.text)
    pvPortMalloc                             0x0800112d   Thumb Code   190  heap_2.o(.text)
    vPortFree                                0x080011eb   Thumb Code    54  heap_2.o(.text)
    xPortGetFreeHeapSize                     0x08001221   Thumb Code     6  heap_2.o(.text)
    vPortInitialiseBlocks                    0x08001227   Thumb Code     2  heap_2.o(.text)
    pxPortInitialiseStack                    0x0800124b   Thumb Code    34  port.o(.text)
    vPortSetupTimerInterrupt                 0x0800126d   Thumb Code    26  port.o(.text)
    xPortStartScheduler                      0x08001287   Thumb Code   162  port.o(.text)
    vPortEndScheduler                        0x08001329   Thumb Code    20  port.o(.text)
    vPortYield                               0x0800133d   Thumb Code    18  port.o(.text)
    vPortEnterCritical                       0x0800134f   Thumb Code    46  port.o(.text)
    vPortExitCritical                        0x0800137d   Thumb Code    32  port.o(.text)
    SysTick_Handler                          0x0800139d   Thumb Code    30  port.o(.text)
    vPortValidateInterruptPriority           0x080013bb   Thumb Code    54  port.o(.text)
    Disco_Clock_Init                         0x08001411   Thumb Code   124  disco_clock.o(.text)
    Disco_Led_Init                           0x08001495   Thumb Code    94  disco_led.o(.text)
    Disco_Led_On                             0x080014f3   Thumb Code    60  disco_led.o(.text)
    Disco_Led_Off                            0x0800152f   Thumb Code    60  disco_led.o(.text)
    Disco_Led_Toggle                         0x0800156b   Thumb Code   148  disco_led.o(.text)
    NVIC_PriorityGroupConfig                 0x08001609   Thumb Code    14  misc.o(.text)
    NVIC_Init                                0x08001617   Thumb Code   106  misc.o(.text)
    NVIC_SetVectorTable                      0x08001681   Thumb Code    16  misc.o(.text)
    NVIC_SystemLPConfig                      0x08001691   Thumb Code    18  misc.o(.text)
    SysTick_CLKSourceConfig                  0x080016a3   Thumb Code    22  misc.o(.text)
    GPIO_DeInit                              0x080016c5   Thumb Code   300  stm32f4xx_gpio.o(.text)
    GPIO_Init                                0x080017f1   Thumb Code   144  stm32f4xx_gpio.o(.text)
    GPIO_StructInit                          0x08001881   Thumb Code    18  stm32f4xx_gpio.o(.text)
    GPIO_PinLockConfig                       0x08001893   Thumb Code    26  stm32f4xx_gpio.o(.text)
    GPIO_ReadInputDataBit                    0x080018ad   Thumb Code    14  stm32f4xx_gpio.o(.text)
    GPIO_ReadInputData                       0x080018bb   Thumb Code     6  stm32f4xx_gpio.o(.text)
    GPIO_ReadOutputDataBit                   0x080018c1   Thumb Code    14  stm32f4xx_gpio.o(.text)
    GPIO_ReadOutputData                      0x080018cf   Thumb Code     6  stm32f4xx_gpio.o(.text)
    GPIO_SetBits                             0x080018d5   Thumb Code     4  stm32f4xx_gpio.o(.text)
    GPIO_ResetBits                           0x080018d9   Thumb Code     4  stm32f4xx_gpio.o(.text)
    GPIO_WriteBit                            0x080018dd   Thumb Code    10  stm32f4xx_gpio.o(.text)
    GPIO_Write                               0x080018e7   Thumb Code     4  stm32f4xx_gpio.o(.text)
    GPIO_ToggleBits                          0x080018eb   Thumb Code     8  stm32f4xx_gpio.o(.text)
    GPIO_PinAFConfig                         0x080018f3   Thumb Code    34  stm32f4xx_gpio.o(.text)
    RCC_DeInit                               0x08001915   Thumb Code    64  stm32f4xx_rcc.o(.text)
    RCC_HSEConfig                            0x08001955   Thumb Code    10  stm32f4xx_rcc.o(.text)
    RCC_GetFlagStatus                        0x0800195f   Thumb Code    44  stm32f4xx_rcc.o(.text)
    RCC_WaitForHSEStartUp                    0x0800198b   Thumb Code    50  stm32f4xx_rcc.o(.text)
    RCC_AdjustHSICalibrationValue            0x080019bd   Thumb Code    16  stm32f4xx_rcc.o(.text)
    RCC_HSICmd                               0x080019cd   Thumb Code     6  stm32f4xx_rcc.o(.text)
    RCC_LSEConfig                            0x080019d3   Thumb Code    24  stm32f4xx_rcc.o(.text)
    RCC_LSICmd                               0x080019eb   Thumb Code     6  stm32f4xx_rcc.o(.text)
    RCC_PLLConfig                            0x080019f1   Thumb Code    30  stm32f4xx_rcc.o(.text)
    RCC_PLLCmd                               0x08001a0f   Thumb Code     6  stm32f4xx_rcc.o(.text)
    RCC_PLLI2SConfig                         0x08001a15   Thumb Code    12  stm32f4xx_rcc.o(.text)
    RCC_PLLI2SCmd                            0x08001a21   Thumb Code     6  stm32f4xx_rcc.o(.text)
    RCC_PLLSAIConfig                         0x08001a27   Thumb Code    16  stm32f4xx_rcc.o(.text)
    RCC_PLLSAICmd                            0x08001a37   Thumb Code     6  stm32f4xx_rcc.o(.text)
    RCC_ClockSecuritySystemCmd               0x08001a3d   Thumb Code     6  stm32f4xx_rcc.o(.text)
    RCC_MCO1Config                           0x08001a43   Thumb Code    16  stm32f4xx_rcc.o(.text)
    RCC_MCO2Config                           0x08001a53   Thumb Code    16  stm32f4xx_rcc.o(.text)
    RCC_SYSCLKConfig                         0x08001a63   Thumb Code    14  stm32f4xx_rcc.o(.text)
    RCC_GetSYSCLKSource                      0x08001a71   Thumb Code    10  stm32f4xx_rcc.o(.text)
    RCC_HCLKConfig                           0x08001a7b   Thumb Code    14  stm32f4xx_rcc.o(.text)
    RCC_PCLK1Config                          0x08001a89   Thumb Code    14  stm32f4xx_rcc.o(.text)
    RCC_PCLK2Config                          0x08001a97   Thumb Code    16  stm32f4xx_rcc.o(.text)
    RCC_GetClocksFreq                        0x08001aa7   Thumb Code   150  stm32f4xx_rcc.o(.text)
    RCC_RTCCLKConfig                         0x08001b3d   Thumb Code    42  stm32f4xx_rcc.o(.text)
    RCC_RTCCLKCmd                            0x08001b67   Thumb Code     6  stm32f4xx_rcc.o(.text)
    RCC_BackupResetCmd                       0x08001b6d   Thumb Code     6  stm32f4xx_rcc.o(.text)
    RCC_I2SCLKConfig                         0x08001b73   Thumb Code     8  stm32f4xx_rcc.o(.text)
    RCC_SAIBlockACLKConfig                   0x08001b7b   Thumb Code    14  stm32f4xx_rcc.o(.text)
    RCC_SAIBlockBCLKConfig                   0x08001b89   Thumb Code    14  stm32f4xx_rcc.o(.text)
    RCC_SAIPLLI2SClkDivConfig                0x08001b97   Thumb Code    16  stm32f4xx_rcc.o(.text)
    RCC_SAIPLLSAIClkDivConfig                0x08001ba7   Thumb Code    22  stm32f4xx_rcc.o(.text)
    RCC_LTDCCLKDivConfig                     0x08001bbd   Thumb Code    14  stm32f4xx_rcc.o(.text)
    RCC_TIMCLKPresConfig                     0x08001bcb   Thumb Code     8  stm32f4xx_rcc.o(.text)
    RCC_AHB1PeriphClockCmd                   0x08001bd3   Thumb Code    18  stm32f4xx_rcc.o(.text)
    RCC_AHB2PeriphClockCmd                   0x08001be5   Thumb Code    18  stm32f4xx_rcc.o(.text)
    RCC_APB1PeriphClockCmd                   0x08001bf7   Thumb Code    18  stm32f4xx_rcc.o(.text)
    RCC_APB2PeriphClockCmd                   0x08001c09   Thumb Code    18  stm32f4xx_rcc.o(.text)
    RCC_AHB1PeriphResetCmd                   0x08001c1b   Thumb Code    18  stm32f4xx_rcc.o(.text)
    RCC_AHB2PeriphResetCmd                   0x08001c2d   Thumb Code    18  stm32f4xx_rcc.o(.text)
    RCC_APB1PeriphResetCmd                   0x08001c3f   Thumb Code    18  stm32f4xx_rcc.o(.text)
    RCC_APB2PeriphResetCmd                   0x08001c51   Thumb Code    18  stm32f4xx_rcc.o(.text)
    RCC_AHB1PeriphClockLPModeCmd             0x08001c63   Thumb Code    18  stm32f4xx_rcc.o(.text)
    RCC_AHB2PeriphClockLPModeCmd             0x08001c75   Thumb Code    18  stm32f4xx_rcc.o(.text)
    RCC_APB1PeriphClockLPModeCmd             0x08001c87   Thumb Code    18  stm32f4xx_rcc.o(.text)
    RCC_APB2PeriphClockLPModeCmd             0x08001c99   Thumb Code    18  stm32f4xx_rcc.o(.text)
    RCC_LSEModeConfig                        0x08001cab   Thumb Code    20  stm32f4xx_rcc.o(.text)
    RCC_ITConfig                             0x08001cbf   Thumb Code    18  stm32f4xx_rcc.o(.text)
    RCC_ClearFlag                            0x08001cd1   Thumb Code    12  stm32f4xx_rcc.o(.text)
    RCC_GetITStatus                          0x08001cdd   Thumb Code    16  stm32f4xx_rcc.o(.text)
    RCC_ClearITPendingBit                    0x08001ced   Thumb Code   148  stm32f4xx_rcc.o(.text)
    SystemInit                               0x08001d81   Thumb Code   220  system_stm32f4xx.o(.text)
    SystemCoreClockUpdate                    0x08001e5d   Thumb Code   112  system_stm32f4xx.o(.text)
    Reset_Handler                            0x08001f01   Thumb Code     8  startup_stm32f401xx.o(.text)
    NMI_Handler                              0x08001f09   Thumb Code     2  startup_stm32f401xx.o(.text)
    HardFault_Handler                        0x08001f0b   Thumb Code     2  startup_stm32f401xx.o(.text)
    MemManage_Handler                        0x08001f0d   Thumb Code     2  startup_stm32f401xx.o(.text)
    BusFault_Handler                         0x08001f0f   Thumb Code     2  startup_stm32f401xx.o(.text)
    UsageFault_Handler                       0x08001f11   Thumb Code     2  startup_stm32f401xx.o(.text)
    DebugMon_Handler                         0x08001f15   Thumb Code     2  startup_stm32f401xx.o(.text)
    ADC_IRQHandler                           0x08001f1b   Thumb Code     0  startup_stm32f401xx.o(.text)
    DMA1_Stream0_IRQHandler                  0x08001f1b   Thumb Code     0  startup_stm32f401xx.o(.text)
    DMA1_Stream1_IRQHandler                  0x08001f1b   Thumb Code     0  startup_stm32f401xx.o(.text)
    DMA1_Stream2_IRQHandler                  0x08001f1b   Thumb Code     0  startup_stm32f401xx.o(.text)
    DMA1_Stream3_IRQHandler                  0x08001f1b   Thumb Code     0  startup_stm32f401xx.o(.text)
    DMA1_Stream4_IRQHandler                  0x08001f1b   Thumb Code     0  startup_stm32f401xx.o(.text)
    DMA1_Stream5_IRQHandler                  0x08001f1b   Thumb Code     0  startup_stm32f401xx.o(.text)
    DMA1_Stream6_IRQHandler                  0x08001f1b   Thumb Code     0  startup_stm32f401xx.o(.text)
    DMA1_Stream7_IRQHandler                  0x08001f1b   Thumb Code     0  startup_stm32f401xx.o(.text)
    DMA2_Stream0_IRQHandler                  0x08001f1b   Thumb Code     0  startup_stm32f401xx.o(.text)
    DMA2_Stream1_IRQHandler                  0x08001f1b   Thumb Code     0  startup_stm32f401xx.o(.text)
    DMA2_Stream2_IRQHandler                  0x08001f1b   Thumb Code     0  startup_stm32f401xx.o(.text)
    DMA2_Stream3_IRQHandler                  0x08001f1b   Thumb Code     0  startup_stm32f401xx.o(.text)
    DMA2_Stream4_IRQHandler                  0x08001f1b   Thumb Code     0  startup_stm32f401xx.o(.text)
    DMA2_Stream5_IRQHandler                  0x08001f1b   Thumb Code     0  startup_stm32f401xx.o(.text)
    DMA2_Stream6_IRQHandler                  0x08001f1b   Thumb Code     0  startup_stm32f401xx.o(.text)
    DMA2_Stream7_IRQHandler                  0x08001f1b   Thumb Code     0  startup_stm32f401xx.o(.text)
    EXTI0_IRQHandler                         0x08001f1b   Thumb Code     0  startup_stm32f401xx.o(.text)
    EXTI15_10_IRQHandler                     0x08001f1b   Thumb Code     0  startup_stm32f401xx.o(.text)
    EXTI1_IRQHandler                         0x08001f1b   Thumb Code     0  startup_stm32f401xx.o(.text)
    EXTI2_IRQHandler                         0x08001f1b   Thumb Code     0  startup_stm32f401xx.o(.text)
    EXTI3_IRQHandler                         0x08001f1b   Thumb Code     0  startup_stm32f401xx.o(.text)
    EXTI4_IRQHandler                         0x08001f1b   Thumb Code     0  startup_stm32f401xx.o(.text)
    EXTI9_5_IRQHandler                       0x08001f1b   Thumb Code     0  startup_stm32f401xx.o(.text)
    FLASH_IRQHandler                         0x08001f1b   Thumb Code     0  startup_stm32f401xx.o(.text)
    FPU_IRQHandler                           0x08001f1b   Thumb Code     0  startup_stm32f401xx.o(.text)
    I2C1_ER_IRQHandler                       0x08001f1b   Thumb Code     0  startup_stm32f401xx.o(.text)
    I2C1_EV_IRQHandler                       0x08001f1b   Thumb Code     0  startup_stm32f401xx.o(.text)
    I2C2_ER_IRQHandler                       0x08001f1b   Thumb Code     0  startup_stm32f401xx.o(.text)
    I2C2_EV_IRQHandler                       0x08001f1b   Thumb Code     0  startup_stm32f401xx.o(.text)
    I2C3_ER_IRQHandler                       0x08001f1b   Thumb Code     0  startup_stm32f401xx.o(.text)
    I2C3_EV_IRQHandler                       0x08001f1b   Thumb Code     0  startup_stm32f401xx.o(.text)
    OTG_FS_IRQHandler                        0x08001f1b   Thumb Code     0  startup_stm32f401xx.o(.text)
    OTG_FS_WKUP_IRQHandler                   0x08001f1b   Thumb Code     0  startup_stm32f401xx.o(.text)
    PVD_IRQHandler                           0x08001f1b   Thumb Code     0  startup_stm32f401xx.o(.text)
    RCC_IRQHandler                           0x08001f1b   Thumb Code     0  startup_stm32f401xx.o(.text)
    RTC_Alarm_IRQHandler                     0x08001f1b   Thumb Code     0  startup_stm32f401xx.o(.text)
    RTC_WKUP_IRQHandler                      0x08001f1b   Thumb Code     0  startup_stm32f401xx.o(.text)
    SDIO_IRQHandler                          0x08001f1b   Thumb Code     0  startup_stm32f401xx.o(.text)
    SPI1_IRQHandler                          0x08001f1b   Thumb Code     0  startup_stm32f401xx.o(.text)
    SPI2_IRQHandler                          0x08001f1b   Thumb Code     0  startup_stm32f401xx.o(.text)
    SPI3_IRQHandler                          0x08001f1b   Thumb Code     0  startup_stm32f401xx.o(.text)
    SPI4_IRQHandler                          0x08001f1b   Thumb Code     0  startup_stm32f401xx.o(.text)
    TAMP_STAMP_IRQHandler                    0x08001f1b   Thumb Code     0  startup_stm32f401xx.o(.text)
    TIM1_BRK_TIM9_IRQHandler                 0x08001f1b   Thumb Code     0  startup_stm32f401xx.o(.text)
    TIM1_CC_IRQHandler                       0x08001f1b   Thumb Code     0  startup_stm32f401xx.o(.text)
    TIM1_TRG_COM_TIM11_IRQHandler            0x08001f1b   Thumb Code     0  startup_stm32f401xx.o(.text)
    TIM1_UP_TIM10_IRQHandler                 0x08001f1b   Thumb Code     0  startup_stm32f401xx.o(.text)
    TIM2_IRQHandler                          0x08001f1b   Thumb Code     0  startup_stm32f401xx.o(.text)
    TIM3_IRQHandler                          0x08001f1b   Thumb Code     0  startup_stm32f401xx.o(.text)
    TIM4_IRQHandler                          0x08001f1b   Thumb Code     0  startup_stm32f401xx.o(.text)
    TIM5_IRQHandler                          0x08001f1b   Thumb Code     0  startup_stm32f401xx.o(.text)
    USART1_IRQHandler                        0x08001f1b   Thumb Code     0  startup_stm32f401xx.o(.text)
    USART2_IRQHandler                        0x08001f1b   Thumb Code     0  startup_stm32f401xx.o(.text)
    USART6_IRQHandler                        0x08001f1b   Thumb Code     0  startup_stm32f401xx.o(.text)
    WWDG_IRQHandler                          0x08001f1b   Thumb Code     0  startup_stm32f401xx.o(.text)
    __aeabi_memset                           0x08001f25   Thumb Code    14  memseta.o(.text)
    __aeabi_memset4                          0x08001f25   Thumb Code     0  memseta.o(.text)
    __aeabi_memset8                          0x08001f25   Thumb Code     0  memseta.o(.text)
    __aeabi_memclr                           0x08001f33   Thumb Code     4  memseta.o(.text)
    __aeabi_memclr4                          0x08001f33   Thumb Code     0  memseta.o(.text)
    __aeabi_memclr8                          0x08001f33   Thumb Code     0  memseta.o(.text)
    _memset$wrapper                          0x08001f37   Thumb Code    18  memseta.o(.text)
    __scatterload                            0x08001f49   Thumb Code    28  init.o(.text)
    __scatterload_rt2                        0x08001f49   Thumb Code     0  init.o(.text)
    __scatterload_copy                       0x08001f6d   Thumb Code    14  handlers.o(i.__scatterload_copy)
    __scatterload_null                       0x08001f7b   Thumb Code     2  handlers.o(i.__scatterload_null)
    __scatterload_zeroinit                   0x08001f7d   Thumb Code    14  handlers.o(i.__scatterload_zeroinit)
    Region$$Table$$Base                      0x08001f8c   Number         0  anon$$obj.o(Region$$Table)
    Region$$Table$$Limit                     0x08001fac   Number         0  anon$$obj.o(Region$$Table)
    pxCurrentTCB                             0x20000000   Data           4  tasks.o(.data)
    SystemCoreClock                          0x20000070   Data           4  system_stm32f4xx.o(.data)
    AHBPrescTable                            0x20000074   Data          16  system_stm32f4xx.o(.data)
    __initial_sp                             0x20004178   Data           0  startup_stm32f401xx.o(STACK)



==============================================================================

Memory Map of the image

  Image Entry point : 0x08000195

  Load Region LR_IROM1 (Base: 0x08000000, Size: 0x00002030, Max: 0x00040000, ABSOLUTE)

    Execution Region ER_IROM1 (Base: 0x08000000, Size: 0x00001fac, Max: 0x00040000, ABSOLUTE)

    Base Addr    Size         Type   Attr      Idx    E Section Name        Object

    0x08000000   0x00000194   Data   RO          710    RESET               startup_stm32f401xx.o
    0x08000194   0x00000000   Code   RO          715  * .ARM.Collect$$$$00000000  mc_w.l(entry.o)
    0x08000194   0x00000004   Code   RO          724    .ARM.Collect$$$$00000001  mc_w.l(entry2.o)
    0x08000198   0x00000004   Code   RO          727    .ARM.Collect$$$$00000004  mc_w.l(entry5.o)
    0x0800019c   0x00000000   Code   RO          729    .ARM.Collect$$$$00000008  mc_w.l(entry7b.o)
    0x0800019c   0x00000000   Code   RO          731    .ARM.Collect$$$$0000000A  mc_w.l(entry8b.o)
    0x0800019c   0x00000008   Code   RO          732    .ARM.Collect$$$$0000000B  mc_w.l(entry9a.o)
    0x080001a4   0x00000000   Code   RO          734    .ARM.Collect$$$$0000000D  mc_w.l(entry10a.o)
    0x080001a4   0x00000000   Code   RO          736    .ARM.Collect$$$$0000000F  mc_w.l(entry11a.o)
    0x080001a4   0x00000004   Code   RO          725    .ARM.Collect$$$$00002712  mc_w.l(entry2.o)
    0x080001a8   0x000000c6   Code   RO          256    .emb_text           port.o
    0x0800026e   0x00000002   PAD
    0x08000270   0x00000070   Code   RO            4    .text               main.o
    0x080002e0   0x00000db8   Code   RO          190    .text               tasks.o
    0x08001098   0x00000092   Code   RO          229    .text               list.o
    0x0800112a   0x00000002   PAD
    0x0800112c   0x00000108   Code   RO          241    .text               heap_2.o
    0x08001234   0x000001dc   Code   RO          257    .text               port.o
    0x08001410   0x00000084   Code   RO          370    .text               disco_clock.o
    0x08001494   0x00000174   Code   RO          401    .text               disco_led.o
    0x08001608   0x000000bc   Code   RO          461    .text               misc.o
    0x080016c4   0x00000250   Code   RO          557    .text               stm32f4xx_gpio.o
    0x08001914   0x0000046c   Code   RO          581    .text               stm32f4xx_rcc.o
    0x08001d80   0x00000180   Code   RO          681    .text               system_stm32f4xx.o
    0x08001f00   0x00000024   Code   RO          711    .text               startup_stm32f401xx.o
    0x08001f24   0x00000024   Code   RO          720    .text               mc_w.l(memseta.o)
    0x08001f48   0x00000024   Code   RO          738    .text               mc_w.l(init.o)
    0x08001f6c   0x0000000e   Code   RO          742    i.__scatterload_copy  mc_w.l(handlers.o)
    0x08001f7a   0x00000002   Code   RO          743    i.__scatterload_null  mc_w.l(handlers.o)
    0x08001f7c   0x0000000e   Code   RO          744    i.__scatterload_zeroinit  mc_w.l(handlers.o)
    0x08001f8a   0x00000002   PAD
    0x08001f8c   0x00000020   Data   RO          740    Region$$Table       anon$$obj.o


    Execution Region RW_IRAM1 (Base: 0x20000000, Size: 0x00004178, Max: 0x00010000, ABSOLUTE)

    Base Addr    Size         Type   Attr      Idx    E Section Name        Object

    0x20000000   0x00000038   Data   RW          192    .data               tasks.o
    0x20000038   0x00000018   Data   RW          243    .data               heap_2.o
    0x20000050   0x0000000c   Data   RW          258    .data               port.o
    0x2000005c   0x00000001   Data   RW          402    .data               disco_led.o
    0x2000005d   0x00000010   Data   RW          582    .data               stm32f4xx_rcc.o
    0x2000006d   0x00000003   PAD
    0x20000070   0x00000014   Data   RW          682    .data               system_stm32f4xx.o
    0x20000084   0x000000f0   Zero   RW          191    .bss                tasks.o
    0x20000174   0x00003c00   Zero   RW          242    .bss                heap_2.o
    0x20003d74   0x00000004   PAD
    0x20003d78   0x00000400   Zero   RW          708    STACK               startup_stm32f401xx.o


==============================================================================

Image component sizes


      Code (inc. data)   RO Data    RW Data    ZI Data      Debug   Object Name

       132          8          0          0          0      27114   disco_clock.o
       372         40          0          1          0       2219   disco_led.o
       264         12          0         24      15360       3048   heap_2.o
       146          0          0          0          0       1846   list.o
       112         18          0          0          0     238099   main.o
       188         12          0          0          0       1929   misc.o
       674         48          0         12          0       5504   port.o
        36          8        404          0       1024        924   startup_stm32f401xx.o
       592          0          0          0          0       4073   stm32f4xx_gpio.o
      1132        142          0         16          0      11219   stm32f4xx_rcc.o
       384         52          0         20          0       2011   system_stm32f4xx.o
      3512         86          0         56        240      16130   tasks.o
         0          0          0          0          0       1444   timers.o

    ----------------------------------------------------------------------
      7548        426        436        132      16628     315560   Object Totals
         0          0         32          0          0          0   (incl. Generated)
         4          0          0          3          4          0   (incl. Padding)

    ----------------------------------------------------------------------

      Code (inc. data)   RO Data    RW Data    ZI Data      Debug   Library Member Name

         0          0          0          0          0          0   entry.o
         0          0          0          0          0          0   entry10a.o
         0          0          0          0          0          0   entry11a.o
         8          4          0          0          0          0   entry2.o
         4          0          0          0          0          0   entry5.o
         0          0          0          0          0          0   entry7b.o
         0          0          0          0          0          0   entry8b.o
         8          4          0          0          0          0   entry9a.o
        30          0          0          0          0          0   handlers.o
        36          8          0          0          0         68   init.o
        36          0          0          0          0        108   memseta.o

    ----------------------------------------------------------------------
       124         16          0          0          0        176   Library Totals
         2          0          0          0          0          0   (incl. Padding)

    ----------------------------------------------------------------------

      Code (inc. data)   RO Data    RW Data    ZI Data      Debug   Library Name

       122         16          0          0          0        176   mc_w.l

    ----------------------------------------------------------------------
       124         16          0          0          0        176   Library Totals

    ----------------------------------------------------------------------

==============================================================================


      Code (inc. data)   RO Data    RW Data    ZI Data      Debug   

      7672        442        436        132      16628     313440   Grand Totals
      7672        442        436        132      16628     313440   ELF Image Totals
      7672        442        436        132          0          0   ROM Totals

==============================================================================

    Total RO  Size (Code + RO Data)                 8108 (   7.92kB)
    Total RW  Size (RW Data + ZI Data)             16760 (  16.37kB)
    Total ROM Size (Code + RO Data + RW Data)       8240 (   8.05kB)

==============================================================================

